/var/log/syslog : May 12 08:58:54 jan-lenovo kernel: [  429.695960] powercap intel-rapl:0: package locked by BIOS, monitoring only
/var/log/syslog : May 12 10:17:59 jan-lenovo kernel: [ 5175.216081] wlp8s0: deauthenticating from 84:24:8d:3f:c7:e1 by local choice (Reason: 3=DEAUTH_LEAVING)
/var/log/syslog : May 12 10:18:00 jan-lenovo kernel: [ 5176.169113] wlp8s0: authenticate with 84:24:8d:40:d2:d1
/var/log/syslog : May 12 10:18:00 jan-lenovo kernel: [ 5176.189888] wlp8s0: send auth to 84:24:8d:40:d2:d1 (try 1/3)
/var/log/syslog : May 12 10:18:00 jan-lenovo kernel: [ 5176.192205] wlp8s0: authenticated
/var/log/syslog : May 12 10:18:00 jan-lenovo kernel: [ 5176.196027] wlp8s0: associate with 84:24:8d:40:d2:d1 (try 1/3)
/var/log/syslog : May 12 10:18:00 jan-lenovo kernel: [ 5176.200274] wlp8s0: RX AssocResp from 84:24:8d:40:d2:d1 (capab=0x411 status=0 aid=1
/var/log/syslog : May 12 10:18:00 jan-lenovo kernel: [ 5176.201905] wlp8s0: associated
/var/log/syslog : May 12 10:18:07 jan-lenovo kernel: [ 5183.259264] wlp8s0: disconnect from AP 84:24:8d:40:d2:d1 for new auth to 84:24:8d:3f:c7:e1
/var/log/syslog : May 12 10:18:07 jan-lenovo kernel: [ 5183.271025] wlp8s0: authenticate with 84:24:8d:3f:c7:e1
/var/log/syslog : May 12 10:18:07 jan-lenovo kernel: [ 5183.282872] wlp8s0: send auth to 84:24:8d:3f:c7:e1 (try 1/3)
/var/log/syslog : May 12 10:18:07 jan-lenovo kernel: [ 5183.286124] wlp8s0: authenticated
/var/log/syslog : May 12 10:18:07 jan-lenovo kernel: [ 5183.292158] wlp8s0: associate with 84:24:8d:3f:c7:e1 (try 1/3)
/var/log/syslog : May 12 10:18:07 jan-lenovo kernel: [ 5183.296051] wlp8s0: RX AssocResp from 84:24:8d:3f:c7:e1 (capab=0x411 status=0 aid=1)
/var/log/syslog : May 12 10:18:07 jan-lenovo kernel: [ 5183.298416] wlp8s0: associated
/var/log/syslog : May 12 11:06:02 jan-lenovo kernel: [ 8057.474792] rtlwifi: AP off, try to reconnect now
/var/log/syslog : May 12 11:06:02 jan-lenovo kernel: [ 8057.475161] wlp8s0: Connection to AP 84:24:8d:3f:c7:e1 lost
/var/log/syslog : May 12 11:06:02 jan-lenovo kernel: [ 8057.811147] wlp8s0: authenticate with 84:24:8d:3f:c6:51
/var/log/syslog : May 12 11:06:02 jan-lenovo kernel: [ 8057.831943] wlp8s0: send auth to 84:24:8d:3f:c6:51 (try 1/3)
/var/log/syslog : May 12 11:06:02 jan-lenovo kernel: [ 8057.835557] wlp8s0: authenticated
/var/log/syslog : May 12 11:06:02 jan-lenovo kernel: [ 8057.842210] wlp8s0: associate with 84:24:8d:3f:c6:51 (try 1/3)
/var/log/syslog : May 12 11:06:02 jan-lenovo kernel: [ 8057.846072] wlp8s0: RX AssocResp from 84:24:8d:3f:c6:51 (capab=0x411 status=0 aid=1)
/var/log/syslog : May 12 11:06:02 jan-lenovo kernel: [ 8057.847688] wlp8s0: associated
/var/log/syslog : May 12 11:13:07 jan-lenovo kernel: [ 8482.654336] wlp8s0: deauthenticating from 84:24:8d:3f:c6:51 by local choice (Reason: 3=DEAUTH_LEAVING)
/var/log/syslog : May 12 11:13:08 jan-lenovo kernel: [ 8483.627628] wlp8s0: authenticate with 84:24:8d:3f:c6:51
/var/log/syslog : May 12 11:13:08 jan-lenovo kernel: [ 8483.648548] wlp8s0: send auth to 84:24:8d:3f:c6:51 (try 1/3)
/var/log/syslog : May 12 11:13:08 jan-lenovo kernel: [ 8483.650945] wlp8s0: authenticated
/var/log/syslog : May 12 11:13:08 jan-lenovo kernel: [ 8483.654791] wlp8s0: associate with 84:24:8d:3f:c6:51 (try 1/3)
/var/log/syslog : May 12 11:13:08 jan-lenovo kernel: [ 8483.658537] wlp8s0: RX AssocResp from 84:24:8d:3f:c6:51 (capab=0x411 status=0 aid=1)
/var/log/syslog : May 12 11:13:08 jan-lenovo kernel: [ 8483.670455] wlp8s0: associated
/var/log/syslog : May 12 11:26:06 jan-lenovo kernel: [ 9262.042394] wlp8s0: disconnect from AP 84:24:8d:3f:c6:51 for new auth to 84:24:8d:40:d2:d1
/var/log/syslog : May 12 11:26:06 jan-lenovo kernel: [ 9262.053950] wlp8s0: authenticate with 84:24:8d:40:d2:d1
/var/log/syslog : May 12 11:26:06 jan-lenovo kernel: [ 9262.065097] wlp8s0: send auth to 84:24:8d:40:d2:d1 (try 1/3)
/var/log/syslog : May 12 11:26:06 jan-lenovo kernel: [ 9262.068043] wlp8s0: authenticated
/var/log/syslog : May 12 11:26:06 jan-lenovo kernel: [ 9262.070485] wlp8s0: associate with 84:24:8d:40:d2:d1 (try 1/3)
/var/log/syslog : May 12 11:26:06 jan-lenovo kernel: [ 9262.074423] wlp8s0: RX AssocResp from 84:24:8d:40:d2:d1 (capab=0x411 status=0 aid=1)
/var/log/syslog : May 12 11:26:06 jan-lenovo kernel: [ 9262.075722] wlp8s0: associated
/var/log/syslog : May 12 12:00:06 jan-lenovo kernel: [11301.835044] wlp8s0: disconnect from AP 84:24:8d:40:d2:d1 for new auth to 84:24:8d:3f:c6:51
/var/log/syslog : May 12 12:00:06 jan-lenovo kernel: [11301.846920] wlp8s0: authenticate with 84:24:8d:3f:c6:51
/var/log/syslog : May 12 12:00:06 jan-lenovo kernel: [11301.858771] wlp8s0: send auth to 84:24:8d:3f:c6:51 (try 1/3)
/var/log/syslog : May 12 12:00:06 jan-lenovo kernel: [11301.861368] wlp8s0: authenticated
/var/log/syslog : May 12 12:00:06 jan-lenovo kernel: [11301.867338] wlp8s0: associate with 84:24:8d:3f:c6:51 (try 1/3)
/var/log/syslog : May 12 12:00:06 jan-lenovo kernel: [11301.872845] wlp8s0: RX AssocResp from 84:24:8d:3f:c6:51 (capab=0x411 status=0 aid=1)
/var/log/syslog : May 12 12:00:06 jan-lenovo kernel: [11301.874105] wlp8s0: associated
/var/log/syslog : May 12 12:04:06 jan-lenovo kernel: [11541.864622] wlp8s0: disconnect from AP 84:24:8d:3f:c6:51 for new auth to 84:24:8d:40:d2:d1
/var/log/syslog : May 12 12:04:06 jan-lenovo kernel: [11541.882344] wlp8s0: authenticate with 84:24:8d:40:d2:d1
/var/log/syslog : May 12 12:04:06 jan-lenovo kernel: [11541.894194] wlp8s0: send auth to 84:24:8d:40:d2:d1 (try 1/3)
/var/log/syslog : May 12 12:04:06 jan-lenovo kernel: [11541.898090] wlp8s0: authenticated
/var/log/syslog : May 12 12:04:06 jan-lenovo kernel: [11541.901618] wlp8s0: associate with 84:24:8d:40:d2:d1 (try 1/3)
/var/log/syslog : May 12 12:04:06 jan-lenovo kernel: [11541.905893] wlp8s0: RX AssocResp from 84:24:8d:40:d2:d1 (capab=0x411 status=0 aid=1)
/var/log/syslog : May 12 12:04:06 jan-lenovo kernel: [11541.906438] wlp8s0: associated
/var/log/syslog : May 12 12:21:17 jan-lenovo kernel: [12572.637526] wlp8s0: deauthenticated from 84:24:8d:40:d2:d1 (Reason: 7=CLASS3_FRAME_FROM_NONASSOC_STA)
/var/log/syslog : May 12 12:21:19 jan-lenovo kernel: [12574.364170] wlp8s0: authenticate with 84:24:8d:3f:c6:51
/var/log/syslog : May 12 12:21:19 jan-lenovo kernel: [12574.385310] wlp8s0: send auth to 84:24:8d:3f:c6:51 (try 1/3)
/var/log/syslog : May 12 12:21:19 jan-lenovo kernel: [12574.392004] wlp8s0: authenticated
/var/log/syslog : May 12 12:21:19 jan-lenovo kernel: [12574.395653] wlp8s0: associate with 84:24:8d:3f:c6:51 (try 1/3)
/var/log/syslog : May 12 12:21:19 jan-lenovo kernel: [12574.399672] wlp8s0: RX AssocResp from 84:24:8d:3f:c6:51 (capab=0x411 status=0 aid=1)
/var/log/syslog : May 12 12:21:19 jan-lenovo kernel: [12574.400611] wlp8s0: associated
/var/log/syslog : May 12 12:25:05 jan-lenovo kernel: [12800.317520] rtlwifi: AP off, try to reconnect now
/var/log/syslog : May 12 12:25:05 jan-lenovo kernel: [12800.317552] wlp8s0: Connection to AP 84:24:8d:3f:c6:51 lost
/var/log/syslog : May 12 12:25:06 jan-lenovo kernel: [12801.418055] wlp8s0: authenticate with 84:24:8d:3f:c7:e1
/var/log/syslog : May 12 12:25:06 jan-lenovo kernel: [12801.438739] wlp8s0: send auth to 84:24:8d:3f:c7:e1 (try 1/3)
/var/log/syslog : May 12 12:25:06 jan-lenovo kernel: [12801.440872] wlp8s0: authenticated
/var/log/syslog : May 12 12:25:06 jan-lenovo kernel: [12801.441083] wlp8s0: associate with 84:24:8d:3f:c7:e1 (try 1/3)
/var/log/syslog : May 12 12:25:06 jan-lenovo kernel: [12801.445482] wlp8s0: RX AssocResp from 84:24:8d:3f:c7:e1 (capab=0x411 status=0 aid=1)
/var/log/syslog : May 12 12:25:06 jan-lenovo kernel: [12801.446375] wlp8s0: associated
/var/log/syslog : May 12 12:28:20 jan-lenovo kernel: [12995.871645] rtlwifi: AP off, try to reconnect now
/var/log/syslog : May 12 12:28:20 jan-lenovo kernel: [12995.871681] wlp8s0: Connection to AP 84:24:8d:3f:c7:e1 lost
/var/log/syslog : May 12 12:28:27 jan-lenovo kernel: [13002.543931] wlp8s0: authenticate with 84:24:8d:3f:c7:e1
/var/log/syslog : May 12 12:28:27 jan-lenovo kernel: [13002.565014] wlp8s0: send auth to 84:24:8d:3f:c7:e1 (try 1/3)
/var/log/syslog : May 12 12:28:27 jan-lenovo kernel: [13002.567216] wlp8s0: authenticated
/var/log/syslog : May 12 12:28:27 jan-lenovo kernel: [13002.575295] wlp8s0: associate with 84:24:8d:3f:c7:e1 (try 1/3)
/var/log/syslog : May 12 12:28:27 jan-lenovo kernel: [13002.579063] wlp8s0: RX AssocResp from 84:24:8d:3f:c7:e1 (capab=0x411 status=0 aid=1)
/var/log/syslog : May 12 12:28:27 jan-lenovo kernel: [13002.580670] wlp8s0: associated
/var/log/syslog : May 12 13:25:11 jan-lenovo kernel: [16406.411147] perf: interrupt took too long (2503 > 2500), lowering kernel.perf_event_max_sample_rate to 79750
/var/log/syslog : May 12 13:33:49 jan-lenovo kernel: [16924.972270] rtlwifi: AP off, try to reconnect now
/var/log/syslog : May 12 13:33:49 jan-lenovo kernel: [16924.972313] wlp8s0: Connection to AP 84:24:8d:3f:c7:e1 lost
/var/log/syslog : May 12 13:33:50 jan-lenovo kernel: [16926.116997] wlp8s0: authenticate with 84:24:8d:40:d2:d1
/var/log/syslog : May 12 13:33:50 jan-lenovo kernel: [16926.138273] wlp8s0: send auth to 84:24:8d:40:d2:d1 (try 1/3)
/var/log/syslog : May 12 13:33:50 jan-lenovo kernel: [16926.140867] wlp8s0: authenticated
/var/log/syslog : May 12 13:33:50 jan-lenovo kernel: [16926.143897] wlp8s0: associate with 84:24:8d:40:d2:d1 (try 1/3)
/var/log/syslog : May 12 13:33:50 jan-lenovo kernel: [16926.148935] wlp8s0: RX AssocResp from 84:24:8d:40:d2:d1 (capab=0x411 status=0 aid=2)
/var/log/syslog : May 12 13:33:50 jan-lenovo kernel: [16926.149833] wlp8s0: associated
/var/log/syslog : May 12 14:06:28 jan-lenovo kernel: [18883.701523] wlp8s0: deauthenticating from 84:24:8d:40:d2:d1 by local choice (Reason: 3=DEAUTH_LEAVING)
/var/log/syslog : May 12 14:06:29 jan-lenovo kernel: [18884.665835] wlp8s0: authenticate with 84:24:8d:40:d2:d1
/var/log/syslog : May 12 14:06:29 jan-lenovo kernel: [18884.691978] wlp8s0: send auth to 84:24:8d:40:d2:d1 (try 1/3)
/var/log/syslog : May 12 14:06:29 jan-lenovo kernel: [18884.694801] wlp8s0: authenticated
/var/log/syslog : May 12 14:06:29 jan-lenovo kernel: [18884.696630] wlp8s0: associate with 84:24:8d:40:d2:d1 (try 1/3)
/var/log/syslog : May 12 14:06:29 jan-lenovo kernel: [18884.700386] wlp8s0: RX AssocResp from 84:24:8d:40:d2:d1 (capab=0x411 status=0 aid=1)
/var/log/syslog : May 12 14:06:29 jan-lenovo kernel: [18884.705638] wlp8s0: associated
/var/log/syslog : May 12 14:11:51 jan-lenovo kernel: [19206.970982] perf: interrupt took too long (3130 > 3128), lowering kernel.perf_event_max_sample_rate to 63750
/var/log/syslog.1 : May 11 08:08:05 jan-lenovo systemd[1]: Startup finished in 7.987s (kernel) + 7min 14.681s (userspace) = 7min 31.167s.
/var/log/syslog.1 : May 11 09:06:14 jan-lenovo kernel: [ 3931.535723] audit: type=1400 audit(1526022374.439:31): apparmor="DENIED" operation="open" profile="/usr/bin/evince" name="/var/lib/snapd/desktop/applications/mimeinfo.cache" pid=12081 comm="evince" requested_mask="r" denied_mask="r" fsuid=1000 ouid=0
/var/log/syslog.1 : May 11 09:06:14 jan-lenovo kernel: [ 3931.535772] audit: type=1400 audit(1526022374.439:32): apparmor="DENIED" operation="open" profile="/usr/bin/evince" name="/var/lib/snapd/desktop/applications/mimeinfo.cache" pid=12081 comm="evince" requested_mask="r" denied_mask="r" fsuid=1000 ouid=0
/var/log/syslog.1 : May 11 10:09:38 jan-lenovo kernel: [ 7735.746100] perf: interrupt took too long (2521 > 2500), lowering kernel.perf_event_max_sample_rate to 79250
/var/log/syslog.1 : May 11 10:42:49 jan-lenovo kernel: [ 9726.956362] perf: interrupt took too long (5214 > 3151), lowering kernel.perf_event_max_sample_rate to 38250
/var/log/syslog.1 : May 11 12:40:47 jan-lenovo kernel: [16805.069769] EXT4-fs (sda7): mounted filesystem with ordered data mode. Opts: (null)
/var/log/syslog.1 : May 11 12:48:49 jan-lenovo kernel: [17286.454395] perf: interrupt took too long (7861 > 6517), lowering kernel.perf_event_max_sample_rate to 25250
/var/log/syslog.1 : May 11 13:59:11 jan-lenovo kernel: [21508.518209] audit: type=1400 audit(1526039951.456:33): apparmor="DENIED" operation="open" profile="/usr/bin/evince" name="/var/lib/snapd/desktop/applications/mimeinfo.cache" pid=20070 comm="evince" requested_mask="r" denied_mask="r" fsuid=1000 ouid=0
/var/log/syslog.1 : May 11 13:59:11 jan-lenovo kernel: [21508.518224] audit: type=1400 audit(1526039951.456:34): apparmor="DENIED" operation="open" profile="/usr/bin/evince" name="/var/lib/snapd/desktop/applications/mimeinfo.cache" pid=20070 comm="evince" requested_mask="r" denied_mask="r" fsuid=1000 ouid=0
/var/log/syslog.1 : May 11 14:04:50 jan-lenovo kernel: [21847.448605] wlp8s0: deauthenticated from 08:10:78:9a:35:a4 (Reason: 6=CLASS2_FRAME_FROM_NONAUTH_STA)
/var/log/syslog.1 : May 11 14:04:50 jan-lenovo kernel: [21847.530078] wlp8s0: authenticate with 08:10:78:9a:35:a4
/var/log/syslog.1 : May 11 14:04:50 jan-lenovo kernel: [21847.541243] wlp8s0: send auth to 08:10:78:9a:35:a4 (try 1/3)
/var/log/syslog.1 : May 11 14:04:50 jan-lenovo kernel: [21847.544798] wlp8s0: authenticated
/var/log/syslog.1 : May 11 14:04:50 jan-lenovo kernel: [21847.545269] wlp8s0: associate with 08:10:78:9a:35:a4 (try 1/3)
/var/log/syslog.1 : May 11 14:04:50 jan-lenovo kernel: [21847.549936] wlp8s0: RX AssocResp from 08:10:78:9a:35:a4 (capab=0x411 status=0 aid=1)
/var/log/syslog.1 : May 11 14:04:50 jan-lenovo kernel: [21847.550838] wlp8s0: associated
/var/log/syslog.1 : May 11 14:19:41 jan-lenovo kernel: [22738.539134] audit: type=1400 audit(1526041181.506:35): apparmor="DENIED" operation="open" profile="/usr/bin/evince" name="/var/lib/snapd/desktop/applications/mimeinfo.cache" pid=20268 comm="evince" requested_mask="r" denied_mask="r" fsuid=1000 ouid=0
/var/log/syslog.1 : May 11 14:19:41 jan-lenovo kernel: [22738.539161] audit: type=1400 audit(1526041181.506:36): apparmor="DENIED" operation="open" profile="/usr/bin/evince" name="/var/lib/snapd/desktop/applications/mimeinfo.cache" pid=20268 comm="evince" requested_mask="r" denied_mask="r" fsuid=1000 ouid=0
/var/log/syslog.1 : May 11 14:20:01 jan-lenovo kernel: [22758.541843] audit: type=1400 audit(1526041201.509:37): apparmor="DENIED" operation="open" profile="/usr/bin/evince" name="/var/lib/snapd/desktop/applications/mimeinfo.cache" pid=20290 comm="evince" requested_mask="r" denied_mask="r" fsuid=1000 ouid=0
/var/log/syslog.1 : May 11 14:20:01 jan-lenovo kernel: [22758.541873] audit: type=1400 audit(1526041201.509:38): apparmor="DENIED" operation="open" profile="/usr/bin/evince" name="/var/lib/snapd/desktop/applications/mimeinfo.cache" pid=20290 comm="evince" requested_mask="r" denied_mask="r" fsuid=1000 ouid=0
/var/log/syslog.1 : May 11 18:00:33 jan-lenovo kernel: [    0.000000] random: get_random_bytes called from start_kernel+0x42/0x507 with crng_init=0
/var/log/syslog.1 : May 11 18:00:33 jan-lenovo kernel: [    0.000000] Linux version 4.13.0-41-generic (buildd@lgw01-amd64-028) (gcc version 5.4.0 20160609 (Ubuntu 5.4.0-6ubuntu1~16.04.9)) #46~16.04.1-Ubuntu SMP Thu May 3 10:06:43 UTC 2018 (Ubuntu 4.13.0-41.46~16.04.1-generic 4.13.16)
/var/log/syslog.1 : May 11 18:00:33 jan-lenovo kernel: [    0.000000] Command line: BOOT_IMAGE=/boot/vmlinuz-4.13.0-41-generic.efi.signed root=UUID=6da1b73c-eafd-4dab-af67-01a7ebdec9c0 ro quiet splash vt.handoff=7
/var/log/syslog.1 : May 11 18:00:33 jan-lenovo kernel: [    0.000000] KERNEL supported cpus:
/var/log/syslog.1 : May 11 18:00:33 jan-lenovo kernel: [    0.000000]   Intel GenuineIntel
/var/log/syslog.1 : May 11 18:00:33 jan-lenovo kernel: [    0.000000]   AMD AuthenticAMD
/var/log/syslog.1 : May 11 18:00:33 jan-lenovo kernel: [    0.000000]   Centaur CentaurHauls
/var/log/syslog.1 : May 11 18:00:33 jan-lenovo kernel: [    0.000000] x86/fpu: Supporting XSAVE feature 0x001: 'x87 floating point registers'
/var/log/syslog.1 : May 11 18:00:33 jan-lenovo kernel: [    0.000000] x86/fpu: Supporting XSAVE feature 0x002: 'SSE registers'
/var/log/syslog.1 : May 11 18:00:33 jan-lenovo kernel: [    0.000000] x86/fpu: Supporting XSAVE feature 0x004: 'AVX registers'
/var/log/syslog.1 : May 11 18:00:33 jan-lenovo kernel: [    0.000000] x86/fpu: xstate_offset[2]:  576, xstate_sizes[2]:  256
/var/log/syslog.1 : May 11 18:00:33 jan-lenovo kernel: [    0.000000] x86/fpu: Enabled xstate features 0x7, context size is 832 bytes, using 'standard' format.
/var/log/syslog.1 : May 11 18:00:33 jan-lenovo kernel: [    0.000000] e820: BIOS-provided physical RAM map:
/var/log/syslog.1 : May 11 18:00:33 jan-lenovo kernel: [    0.000000] BIOS-e820: [mem 0x0000000000000000-0x000000000006efff] usable
/var/log/syslog.1 : May 11 18:00:33 jan-lenovo kernel: [    0.000000] BIOS-e820: [mem 0x000000000006f000-0x000000000006ffff] reserved
/var/log/syslog.1 : May 11 18:00:33 jan-lenovo kernel: [    0.000000] BIOS-e820: [mem 0x0000000000070000-0x0000000000087fff] usable
/var/log/syslog.1 : May 11 18:00:33 jan-lenovo kernel: [    0.000000] BIOS-e820: [mem 0x0000000000088000-0x00000000000bffff] reserved
/var/log/syslog.1 : May 11 18:00:33 jan-lenovo kernel: [    0.000000] BIOS-e820: [mem 0x0000000000100000-0x0000000076a6ffff] usable
/var/log/syslog.1 : May 11 18:00:33 jan-lenovo kernel: [    0.000000] BIOS-e820: [mem 0x0000000076a70000-0x0000000077e6ffff] reserved
/var/log/syslog.1 : May 11 18:00:33 jan-lenovo kernel: [    0.000000] BIOS-e820: [mem 0x0000000077e70000-0x000000009c6befff] usable
/var/log/syslog.1 : May 11 18:00:33 jan-lenovo kernel: [    0.000000] BIOS-e820: [mem 0x000000009c6bf000-0x000000009c8befff] type 20
/var/log/syslog.1 : May 11 18:00:33 jan-lenovo kernel: [    0.000000] BIOS-e820: [mem 0x000000009c8bf000-0x000000009cebefff] reserved
/var/log/syslog.1 : May 11 18:00:33 jan-lenovo kernel: [    0.000000] BIOS-e820: [mem 0x000000009cebf000-0x000000009cfbefff] ACPI NVS
/var/log/syslog.1 : May 11 18:00:33 jan-lenovo kernel: [    0.000000] BIOS-e820: [mem 0x000000009cfbf000-0x000000009cffefff] ACPI data
/var/log/syslog.1 : May 11 18:00:33 jan-lenovo kernel: [    0.000000] BIOS-e820: [mem 0x000000009cfff000-0x000000009cffffff] usable
/var/log/syslog.1 : May 11 18:00:33 jan-lenovo kernel: [    0.000000] BIOS-e820: [mem 0x000000009d000000-0x000000009f9fffff] reserved
/var/log/syslog.1 : May 11 18:00:33 jan-lenovo kernel: [    0.000000] BIOS-e820: [mem 0x00000000e0000000-0x00000000efffffff] reserved
/var/log/syslog.1 : May 11 18:00:33 jan-lenovo kernel: [    0.000000] BIOS-e820: [mem 0x00000000feb00000-0x00000000feb0ffff] reserved
/var/log/syslog.1 : May 11 18:00:33 jan-lenovo kernel: [    0.000000] BIOS-e820: [mem 0x00000000fec00000-0x00000000fec00fff] reserved
/var/log/syslog.1 : May 11 18:00:33 jan-lenovo kernel: [    0.000000] BIOS-e820: [mem 0x00000000fed00000-0x00000000fee00fff] reserved
/var/log/syslog.1 : May 11 18:00:33 jan-lenovo kernel: [    0.000000] BIOS-e820: [mem 0x00000000ff980000-0x00000000ffffffff] reserved
/var/log/syslog.1 : May 11 18:00:33 jan-lenovo kernel: [    0.000000] BIOS-e820: [mem 0x0000000100000000-0x000000025f5fffff] usable
/var/log/syslog.1 : May 11 18:00:33 jan-lenovo kernel: [    0.000000] NX (Execute Disable) protection: active
/var/log/syslog.1 : May 11 18:00:33 jan-lenovo kernel: [    0.000000] efi: EFI v2.31 by INSYDE Corp.
/var/log/syslog.1 : May 11 18:00:33 jan-lenovo kernel: [    0.000000] efi:  ESRT=0x9ca1f318  ACPI=0x9cffe000  ACPI 2.0=0x9cffe014  SMBIOS=0x9cebef98 
/var/log/syslog.1 : May 11 18:00:33 jan-lenovo kernel: [    0.000000] random: fast init done
/var/log/syslog.1 : May 11 18:00:33 jan-lenovo kernel: [    0.000000] SMBIOS 2.7 present.
/var/log/syslog.1 : May 11 18:00:33 jan-lenovo kernel: [    0.000000] DMI: LENOVO INVALID/INVALID, BIOS 9ECN43WW(V3.03) 08/12/2015
/var/log/syslog.1 : May 11 18:00:33 jan-lenovo kernel: [    0.000000] tsc: Fast TSC calibration using PIT
/var/log/syslog.1 : May 11 18:00:33 jan-lenovo kernel: [    0.000000] e820: update [mem 0x00000000-0x00000fff] usable ==> reserved
/var/log/syslog.1 : May 11 18:00:33 jan-lenovo kernel: [    0.000000] e820: remove [mem 0x000a0000-0x000fffff] usable
/var/log/syslog.1 : May 11 18:00:33 jan-lenovo kernel: [    0.000000] e820: last_pfn = 0x25f600 max_arch_pfn = 0x400000000
/var/log/syslog.1 : May 11 18:00:33 jan-lenovo kernel: [    0.000000] MTRR default type: uncachable
/var/log/syslog.1 : May 11 18:00:33 jan-lenovo kernel: [    0.000000] MTRR fixed ranges enabled:
/var/log/syslog.1 : May 11 18:00:33 jan-lenovo kernel: [    0.000000]   00000-9FFFF write-back
/var/log/syslog.1 : May 11 18:00:33 jan-lenovo kernel: [    0.000000]   A0000-BFFFF uncachable
/var/log/syslog.1 : May 11 18:00:33 jan-lenovo kernel: [    0.000000]   C0000-E7FFF write-protect
/var/log/syslog.1 : May 11 18:00:33 jan-lenovo kernel: [    0.000000]   E8000-EFFFF write-combining
/var/log/syslog.1 : May 11 18:00:33 jan-lenovo kernel: [    0.000000]   F0000-FFFFF write-protect
/var/log/syslog.1 : May 11 18:00:33 jan-lenovo kernel: [    0.000000] MTRR variable ranges enabled:
/var/log/syslog.1 : May 11 18:00:33 jan-lenovo kernel: [    0.000000]   0 base 0000000000 mask 7F80000000 write-back
/var/log/syslog.1 : May 11 18:00:33 jan-lenovo kernel: [    0.000000]   1 base 0080000000 mask 7FE0000000 write-back
/var/log/syslog.1 : May 11 18:00:33 jan-lenovo kernel: [    0.000000]   2 base 009D000000 mask 7FFF000000 uncachable
/var/log/syslog.1 : May 11 18:00:33 jan-lenovo kernel: [    0.000000]   3 base 009E000000 mask 7FFE000000 uncachable
/var/log/syslog.1 : May 11 18:00:33 jan-lenovo kernel: [    0.000000]   4 base 00FF800000 mask 7FFF800000 write-protect
/var/log/syslog.1 : May 11 18:00:33 jan-lenovo kernel: [    0.000000]   5 base 0100000000 mask 7F00000000 write-back
/var/log/syslog.1 : May 11 18:00:33 jan-lenovo kernel: [    0.000000]   6 base 0200000000 mask 7F80000000 write-back
/var/log/syslog.1 : May 11 18:00:33 jan-lenovo kernel: [    0.000000]   7 base 025F600000 mask 7FFFE00000 uncachable
/var/log/syslog.1 : May 11 18:00:33 jan-lenovo kernel: [    0.000000]   8 base 025F800000 mask 7FFF800000 uncachable
/var/log/syslog.1 : May 11 18:00:33 jan-lenovo kernel: [    0.000000]   9 base 0260000000 mask 7FE0000000 uncachable
/var/log/syslog.1 : May 11 18:00:33 jan-lenovo kernel: [    0.000000] x86/PAT: Configuration [0-7]: WB  WC  UC- UC  WB  WC  UC- WT  
/var/log/syslog.1 : May 11 18:00:33 jan-lenovo kernel: [    0.000000] e820: last_pfn = 0x9d000 max_arch_pfn = 0x400000000
/var/log/syslog.1 : May 11 18:00:33 jan-lenovo kernel: [    0.000000] esrt: Reserving ESRT space from 0x000000009ca1f318 to 0x000000009ca1f350.
/var/log/syslog.1 : May 11 18:00:33 jan-lenovo kernel: [    0.000000] Scanning 1 areas for low memory corruption
/var/log/syslog.1 : May 11 18:00:33 jan-lenovo kernel: [    0.000000] Base memory trampoline at [ffff8d17c0082000] 82000 size 24576
/var/log/syslog.1 : May 11 18:00:33 jan-lenovo kernel: [    0.000000] Using GB pages for direct mapping
/var/log/syslog.1 : May 11 18:00:33 jan-lenovo kernel: [    0.000000] BRK [0x1d8f2c000, 0x1d8f2cfff] PGTABLE
/var/log/syslog.1 : May 11 18:00:33 jan-lenovo kernel: [    0.000000] BRK [0x1d8f2d000, 0x1d8f2dfff] PGTABLE
/var/log/syslog.1 : May 11 18:00:33 jan-lenovo kernel: [    0.000000] BRK [0x1d8f2e000, 0x1d8f2efff] PGTABLE
/var/log/syslog.1 : May 11 18:00:33 jan-lenovo kernel: [    0.000000] BRK [0x1d8f2f000, 0x1d8f2ffff] PGTABLE
/var/log/syslog.1 : May 11 18:00:33 jan-lenovo kernel: [    0.000000] BRK [0x1d8f30000, 0x1d8f30fff] PGTABLE
/var/log/syslog.1 : May 11 18:00:33 jan-lenovo kernel: [    0.000000] BRK [0x1d8f31000, 0x1d8f31fff] PGTABLE
/var/log/syslog.1 : May 11 18:00:33 jan-lenovo kernel: [    0.000000] BRK [0x1d8f32000, 0x1d8f32fff] PGTABLE
/var/log/syslog.1 : May 11 18:00:33 jan-lenovo kernel: [    0.000000] BRK [0x1d8f33000, 0x1d8f33fff] PGTABLE
/var/log/syslog.1 : May 11 18:00:33 jan-lenovo kernel: [    0.000000] BRK [0x1d8f34000, 0x1d8f34fff] PGTABLE
/var/log/syslog.1 : May 11 18:00:33 jan-lenovo kernel: [    0.000000] BRK [0x1d8f35000, 0x1d8f35fff] PGTABLE
/var/log/syslog.1 : May 11 18:00:33 jan-lenovo kernel: [    0.000000] BRK [0x1d8f36000, 0x1d8f36fff] PGTABLE
/var/log/syslog.1 : May 11 18:00:33 jan-lenovo kernel: [    0.000000] Secure boot could not be determined
/var/log/syslog.1 : May 11 18:00:33 jan-lenovo kernel: [    0.000000] RAMDISK: [mem 0x31332000-0x34990fff]
/var/log/syslog.1 : May 11 18:00:33 jan-lenovo kernel: [    0.000000] ACPI: Early table checksum verification disabled
/var/log/syslog.1 : May 11 18:00:33 jan-lenovo kernel: [    0.000000] ACPI: RSDP 0x000000009CFFE014 000024 (v02 LENOVO)
/var/log/syslog.1 : May 11 18:00:33 jan-lenovo kernel: [    0.000000] ACPI: XSDT 0x000000009CFFE210 0000C4 (v01 LENOVO CB-01    00000001      01000013)
/var/log/syslog.1 : May 11 18:00:33 jan-lenovo kernel: [    0.000000] ACPI: FACP 0x000000009CFF7000 00010C (v05 LENOVO CB-01    00000001 ACPI 00040000)
/var/log/syslog.1 : May 11 18:00:33 jan-lenovo kernel: [    0.000000] ACPI: DSDT 0x000000009CFE9000 00AC25 (v01 LENOVO CB-01    00000001 ACPI 00040000)
/var/log/syslog.1 : May 11 18:00:33 jan-lenovo kernel: [    0.000000] ACPI: FACS 0x000000009CFBA000 000040
/var/log/syslog.1 : May 11 18:00:33 jan-lenovo kernel: [    0.000000] ACPI: SLIC 0x000000009CFFD000 000176 (v01 LENOVO CB-01    00000001 ACPI 00040000)
/var/log/syslog.1 : May 11 18:00:33 jan-lenovo kernel: [    0.000000] ACPI: UEFI 0x000000009CFFC000 000236 (v01 LENOVO CB-01    00000001 ACPI 00040000)
/var/log/syslog.1 : May 11 18:00:33 jan-lenovo kernel: [    0.000000] ACPI: FPDT 0x000000009CFFA000 000044 (v01 LENOVO CB-01    00000001 ACPI 00040000)
/var/log/syslog.1 : May 11 18:00:33 jan-lenovo kernel: [    0.000000] ACPI: MSDM 0x000000009CFF9000 000055 (v03 LENOVO CB-01    00000001 ACPI 00040000)
/var/log/syslog.1 : May 11 18:00:33 jan-lenovo kernel: [    0.000000] ACPI: ASF! 0x000000009CFF8000 0000A5 (v32 LENOVO CB-01    00000001 ACPI 00040000)
/var/log/syslog.1 : May 11 18:00:33 jan-lenovo kernel: [    0.000000] ACPI: HPET 0x000000009CFF6000 000038 (v01 LENOVO CB-01    00000001 ACPI 00040000)
/var/log/syslog.1 : May 11 18:00:33 jan-lenovo kernel: [    0.000000] ACPI: APIC 0x000000009CFF5000 00008C (v03 LENOVO CB-01    00000001 ACPI 00040000)
/var/log/syslog.1 : May 11 18:00:33 jan-lenovo kernel: [    0.000000] ACPI: MCFG 0x000000009CFF4000 00003C (v01 LENOVO CB-01    00000001 ACPI 00040000)
/var/log/syslog.1 : May 11 18:00:33 jan-lenovo kernel: [    0.000000] ACPI: SSDT 0x000000009CFE6000 002028 (v01 LENOVO CB-01    00000001 ACPI 00040000)
/var/log/syslog.1 : May 11 18:00:33 jan-lenovo kernel: [    0.000000] ACPI: BOOT 0x000000009CFE4000 000028 (v01 LENOVO CB-01    00000001 ACPI 00040000)
/var/log/syslog.1 : May 11 18:00:33 jan-lenovo kernel: [    0.000000] ACPI: LPIT 0x000000009CFE3000 000094 (v01 LENOVO CB-01    00000001 ACPI 00040000)
/var/log/syslog.1 : May 11 18:00:33 jan-lenovo kernel: [    0.000000] ACPI: ASPT 0x000000009CFE1000 000034 (v07 LENOVO CB-01    00000001 ACPI 00040000)
/var/log/syslog.1 : May 11 18:00:33 jan-lenovo kernel: [    0.000000] ACPI: DBGP 0x000000009CFE0000 000034 (v01 LENOVO CB-01    00000001 ACPI 00040000)
/var/log/syslog.1 : May 11 18:00:33 jan-lenovo kernel: [    0.000000] ACPI: SSDT 0x000000009CFDF000 000539 (v01 LENOVO CB-01    00000001 ACPI 00040000)
/var/log/syslog.1 : May 11 18:00:33 jan-lenovo kernel: [    0.000000] ACPI: SSDT 0x000000009CFDE000 000AD8 (v01 LENOVO CB-01    00000001 ACPI 00040000)
/var/log/syslog.1 : May 11 18:00:33 jan-lenovo kernel: [    0.000000] ACPI: SSDT 0x000000009CFDA000 00348C (v01 LENOVO CB-01    00000001 ACPI 00040000)
/var/log/syslog.1 : May 11 18:00:33 jan-lenovo kernel: [    0.000000] ACPI: SSDT 0x000000009CFD4000 003E76 (v01 LENOVO CB-01    00000001 ACPI 00040000)
/var/log/syslog.1 : May 11 18:00:33 jan-lenovo kernel: [    0.000000] ACPI: DMAR 0x000000009CFD8000 0000B8 (v01 LENOVO CB-01    00000001 ACPI 00040000)
/var/log/syslog.1 : May 11 18:00:33 jan-lenovo kernel: [    0.000000] ACPI: BGRT 0x000000009CFD9000 000038 (v01 LENOVO CB-01    00000001 ACPI 00040000)
/var/log/syslog.1 : May 11 18:00:33 jan-lenovo kernel: [    0.000000] ACPI: Local APIC address 0xfee00000
/var/log/syslog.1 : May 11 18:00:33 jan-lenovo kernel: [    0.000000] No NUMA configuration found
/var/log/syslog.1 : May 11 18:00:33 jan-lenovo kernel: [    0.000000] Faking a node at [mem 0x0000000000000000-0x000000025f5fffff]
/var/log/syslog.1 : May 11 18:00:33 jan-lenovo kernel: [    0.000000] NODE_DATA(0) allocated [mem 0x25f5d5000-0x25f5fffff]
/var/log/syslog.1 : May 11 18:00:33 jan-lenovo kernel: [    0.000000] Zone ranges:
/var/log/syslog.1 : May 11 18:00:33 jan-lenovo kernel: [    0.000000]   DMA      [mem 0x0000000000001000-0x0000000000ffffff]
/var/log/syslog.1 : May 11 18:00:33 jan-lenovo kernel: [    0.000000]   DMA32    [mem 0x0000000001000000-0x00000000ffffffff]
/var/log/syslog.1 : May 11 18:00:33 jan-lenovo kernel: [    0.000000]   Normal   [mem 0x0000000100000000-0x000000025f5fffff]
/var/log/syslog.1 : May 11 18:00:33 jan-lenovo kernel: [    0.000000]   Device   empty
/var/log/syslog.1 : May 11 18:00:33 jan-lenovo kernel: [    0.000000] Movable zone start for each node
/var/log/syslog.1 : May 11 18:00:33 jan-lenovo kernel: [    0.000000] Early memory node ranges
/var/log/syslog.1 : May 11 18:00:33 jan-lenovo kernel: [    0.000000]   node   0: [mem 0x0000000000001000-0x000000000006efff]
/var/log/syslog.1 : May 11 18:00:33 jan-lenovo kernel: [    0.000000]   node   0: [mem 0x0000000000070000-0x0000000000087fff]
/var/log/syslog.1 : May 11 18:00:33 jan-lenovo kernel: [    0.000000]   node   0: [mem 0x0000000000100000-0x0000000076a6ffff]
/var/log/syslog.1 : May 11 18:00:33 jan-lenovo kernel: [    0.000000]   node   0: [mem 0x0000000077e70000-0x000000009c6befff]
/var/log/syslog.1 : May 11 18:00:33 jan-lenovo kernel: [    0.000000]   node   0: [mem 0x000000009cfff000-0x000000009cffffff]
/var/log/syslog.1 : May 11 18:00:33 jan-lenovo kernel: [    0.000000]   node   0: [mem 0x0000000100000000-0x000000025f5fffff]
/var/log/syslog.1 : May 11 18:00:33 jan-lenovo kernel: [    0.000000] Initmem setup node 0 [mem 0x0000000000001000-0x000000025f5fffff]
/var/log/syslog.1 : May 11 18:00:33 jan-lenovo kernel: [    0.000000] On node 0 totalpages: 2074694
/var/log/syslog.1 : May 11 18:00:33 jan-lenovo kernel: [    0.000000]   DMA zone: 64 pages used for memmap
/var/log/syslog.1 : May 11 18:00:33 jan-lenovo kernel: [    0.000000]   DMA zone: 24 pages reserved
/var/log/syslog.1 : May 11 18:00:33 jan-lenovo kernel: [    0.000000]   DMA zone: 3974 pages, LIFO batch:0
/var/log/syslog.1 : May 11 18:00:33 jan-lenovo kernel: [    0.000000]   DMA32 zone: 9867 pages used for memmap
/var/log/syslog.1 : May 11 18:00:33 jan-lenovo kernel: [    0.000000]   DMA32 zone: 631488 pages, LIFO batch:31
/var/log/syslog.1 : May 11 18:00:33 jan-lenovo kernel: [    0.000000]   Normal zone: 22488 pages used for memmap
/var/log/syslog.1 : May 11 18:00:33 jan-lenovo kernel: [    0.000000]   Normal zone: 1439232 pages, LIFO batch:31
/var/log/syslog.1 : May 11 18:00:33 jan-lenovo kernel: [    0.000000] Reserving Intel graphics memory at 0x000000009da00000-0x000000009f9fffff
/var/log/syslog.1 : May 11 18:00:33 jan-lenovo kernel: [    0.000000] ACPI: PM-Timer IO Port: 0x1808
/var/log/syslog.1 : May 11 18:00:33 jan-lenovo kernel: [    0.000000] ACPI: Local APIC address 0xfee00000
/var/log/syslog.1 : May 11 18:00:33 jan-lenovo kernel: [    0.000000] IOAPIC[0]: apic_id 2, version 32, address 0xfec00000, GSI 0-23
/var/log/syslog.1 : May 11 18:00:33 jan-lenovo kernel: [    0.000000] ACPI: INT_SRC_OVR (bus 0 bus_irq 0 global_irq 2 dfl dfl)
/var/log/syslog.1 : May 11 18:00:33 jan-lenovo kernel: [    0.000000] ACPI: INT_SRC_OVR (bus 0 bus_irq 9 global_irq 9 high level)
/var/log/syslog.1 : May 11 18:00:33 jan-lenovo kernel: [    0.000000] ACPI: IRQ0 used by override.
/var/log/syslog.1 : May 11 18:00:33 jan-lenovo kernel: [    0.000000] ACPI: IRQ9 used by override.
/var/log/syslog.1 : May 11 18:00:33 jan-lenovo kernel: [    0.000000] Using ACPI (MADT) for SMP configuration information
/var/log/syslog.1 : May 11 18:00:33 jan-lenovo kernel: [    0.000000] ACPI: HPET id: 0x8086a201 base: 0xfed00000
/var/log/syslog.1 : May 11 18:00:33 jan-lenovo kernel: [    0.000000] [Firmware Bug]: TSC_DEADLINE disabled due to Errata; please update microcode to version: 0x22 (or later)
/var/log/syslog.1 : May 11 18:00:33 jan-lenovo kernel: [    0.000000] smpboot: Allowing 8 CPUs, 0 hotplug CPUs
/var/log/syslog.1 : May 11 18:00:33 jan-lenovo kernel: [    0.000000] PM: Registered nosave memory: [mem 0x00000000-0x00000fff]
/var/log/syslog.1 : May 11 18:00:33 jan-lenovo kernel: [    0.000000] PM: Registered nosave memory: [mem 0x0006f000-0x0006ffff]
/var/log/syslog.1 : May 11 18:00:33 jan-lenovo kernel: [    0.000000] PM: Registered nosave memory: [mem 0x00088000-0x000bffff]
/var/log/syslog.1 : May 11 18:00:33 jan-lenovo kernel: [    0.000000] PM: Registered nosave memory: [mem 0x000c0000-0x000fffff]
/var/log/syslog.1 : May 11 18:00:33 jan-lenovo kernel: [    0.000000] PM: Registered nosave memory: [mem 0x76a70000-0x77e6ffff]
/var/log/syslog.1 : May 11 18:00:33 jan-lenovo kernel: [    0.000000] PM: Registered nosave memory: [mem 0x9c6bf000-0x9c8befff]
/var/log/syslog.1 : May 11 18:00:33 jan-lenovo kernel: [    0.000000] PM: Registered nosave memory: [mem 0x9c8bf000-0x9cebefff]
/var/log/syslog.1 : May 11 18:00:33 jan-lenovo kernel: [    0.000000] PM: Registered nosave memory: [mem 0x9cebf000-0x9cfbefff]
/var/log/syslog.1 : May 11 18:00:33 jan-lenovo kernel: [    0.000000] PM: Registered nosave memory: [mem 0x9cfbf000-0x9cffefff]
/var/log/syslog.1 : May 11 18:00:33 jan-lenovo kernel: [    0.000000] PM: Registered nosave memory: [mem 0x9d000000-0x9f9fffff]
/var/log/syslog.1 : May 11 18:00:33 jan-lenovo kernel: [    0.000000] PM: Registered nosave memory: [mem 0x9fa00000-0xdfffffff]
/var/log/syslog.1 : May 11 18:00:33 jan-lenovo kernel: [    0.000000] PM: Registered nosave memory: [mem 0xe0000000-0xefffffff]
/var/log/syslog.1 : May 11 18:00:33 jan-lenovo kernel: [    0.000000] PM: Registered nosave memory: [mem 0xf0000000-0xfeafffff]
/var/log/syslog.1 : May 11 18:00:33 jan-lenovo kernel: [    0.000000] PM: Registered nosave memory: [mem 0xfeb00000-0xfeb0ffff]
/var/log/syslog.1 : May 11 18:00:33 jan-lenovo kernel: [    0.000000] PM: Registered nosave memory: [mem 0xfeb10000-0xfebfffff]
/var/log/syslog.1 : May 11 18:00:33 jan-lenovo kernel: [    0.000000] PM: Registered nosave memory: [mem 0xfec00000-0xfec00fff]
/var/log/syslog.1 : May 11 18:00:33 jan-lenovo kernel: [    0.000000] PM: Registered nosave memory: [mem 0xfec01000-0xfecfffff]
/var/log/syslog.1 : May 11 18:00:33 jan-lenovo kernel: [    0.000000] PM: Registered nosave memory: [mem 0xfed00000-0xfee00fff]
/var/log/syslog.1 : May 11 18:00:33 jan-lenovo kernel: [    0.000000] PM: Registered nosave memory: [mem 0xfee01000-0xff97ffff]
/var/log/syslog.1 : May 11 18:00:33 jan-lenovo kernel: [    0.000000] PM: Registered nosave memory: [mem 0xff980000-0xffffffff]
/var/log/syslog.1 : May 11 18:00:33 jan-lenovo kernel: [    0.000000] e820: [mem 0x9fa00000-0xdfffffff] available for PCI devices
/var/log/syslog.1 : May 11 18:00:33 jan-lenovo kernel: [    0.000000] Booting paravirtualized kernel on bare hardware
/var/log/syslog.1 : May 11 18:00:33 jan-lenovo kernel: [    0.000000] clocksource: refined-jiffies: mask: 0xffffffff max_cycles: 0xffffffff, max_idle_ns: 7645519600211568 ns
/var/log/syslog.1 : May 11 18:00:33 jan-lenovo kernel: [    0.000000] setup_percpu: NR_CPUS:8192 nr_cpumask_bits:8 nr_cpu_ids:8 nr_node_ids:1
/var/log/syslog.1 : May 11 18:00:33 jan-lenovo kernel: [    0.000000] percpu: Embedded 45 pages/cpu @ffff8d1a1f200000 s146584 r8192 d29544 u262144
/var/log/syslog.1 : May 11 18:00:33 jan-lenovo kernel: [    0.000000] pcpu-alloc: s146584 r8192 d29544 u262144 alloc=1*2097152
/var/log/syslog.1 : May 11 18:00:33 jan-lenovo kernel: [    0.000000] pcpu-alloc: [0] 0 1 2 3 4 5 6 7 
/var/log/syslog.1 : May 11 18:00:33 jan-lenovo kernel: [    0.000000] Built 1 zonelists in Node order, mobility grouping on.  Total pages: 2042251
/var/log/syslog.1 : May 11 18:00:33 jan-lenovo kernel: [    0.000000] Policy zone: Normal
/var/log/syslog.1 : May 11 18:00:33 jan-lenovo kernel: [    0.000000] Kernel command line: BOOT_IMAGE=/boot/vmlinuz-4.13.0-41-generic.efi.signed root=UUID=6da1b73c-eafd-4dab-af67-01a7ebdec9c0 ro quiet splash vt.handoff=7
/var/log/syslog.1 : May 11 18:00:33 jan-lenovo kernel: [    0.000000] PID hash table entries: 4096 (order: 3, 32768 bytes)
/var/log/syslog.1 : May 11 18:00:33 jan-lenovo kernel: [    0.000000] Calgary: detecting Calgary via BIOS EBDA area
/var/log/syslog.1 : May 11 18:00:33 jan-lenovo kernel: [    0.000000] Calgary: Unable to locate Rio Grande table in EBDA - bailing!
/var/log/syslog.1 : May 11 18:00:33 jan-lenovo kernel: [    0.000000] Memory: 7955044K/8298776K available (12300K kernel code, 2481K rwdata, 4008K rodata, 2368K init, 2372K bss, 343732K reserved, 0K cma-reserved)
/var/log/syslog.1 : May 11 18:00:33 jan-lenovo kernel: [    0.000000] SLUB: HWalign=64, Order=0-3, MinObjects=0, CPUs=8, Nodes=1
/var/log/syslog.1 : May 11 18:00:33 jan-lenovo kernel: [    0.000000] Kernel/User page tables isolation: enabled
/var/log/syslog.1 : May 11 18:00:33 jan-lenovo kernel: [    0.000000] ftrace: allocating 37858 entries in 148 pages
/var/log/syslog.1 : May 11 18:00:33 jan-lenovo kernel: [    0.000000] Hierarchical RCU implementation.
/var/log/syslog.1 : May 11 18:00:33 jan-lenovo kernel: [    0.000000] 	RCU restricting CPUs from NR_CPUS=8192 to nr_cpu_ids=8.
/var/log/syslog.1 : May 11 18:00:33 jan-lenovo kernel: [    0.000000] 	Tasks RCU enabled.
/var/log/syslog.1 : May 11 18:00:33 jan-lenovo kernel: [    0.000000] RCU: Adjusting geometry for rcu_fanout_leaf=16, nr_cpu_ids=8
/var/log/syslog.1 : May 11 18:00:33 jan-lenovo kernel: [    0.000000] NR_IRQS: 524544, nr_irqs: 488, preallocated irqs: 16
/var/log/syslog.1 : May 11 18:00:33 jan-lenovo kernel: [    0.000000] vt handoff: transparent VT on vt#7
/var/log/syslog.1 : May 11 18:00:33 jan-lenovo kernel: [    0.000000] Console: colour dummy device 80x25
/var/log/syslog.1 : May 11 18:00:33 jan-lenovo kernel: [    0.000000] console [tty0] enabled
/var/log/syslog.1 : May 11 18:00:33 jan-lenovo kernel: [    0.000000] clocksource: hpet: mask: 0xffffffff max_cycles: 0xffffffff, max_idle_ns: 133484882848 ns
/var/log/syslog.1 : May 11 18:00:33 jan-lenovo kernel: [    0.000000] hpet clockevent registered
/var/log/syslog.1 : May 11 18:00:33 jan-lenovo kernel: [    0.000000] tsc: Fast TSC calibration using PIT
/var/log/syslog.1 : May 11 18:00:33 jan-lenovo kernel: [    0.004000] tsc: Detected 2593.933 MHz processor
/var/log/syslog.1 : May 11 18:00:33 jan-lenovo kernel: [    0.004000] Calibrating delay loop (skipped), value calculated using timer frequency.. 5187.86 BogoMIPS (lpj=10375732)
/var/log/syslog.1 : May 11 18:00:33 jan-lenovo kernel: [    0.004000] pid_max: default: 32768 minimum: 301
/var/log/syslog.1 : May 11 18:00:33 jan-lenovo kernel: [    0.004000] ACPI: Core revision 20170531
/var/log/syslog.1 : May 11 18:00:33 jan-lenovo kernel: [    0.015876] ACPI: 6 ACPI AML tables successfully acquired and loaded
/var/log/syslog.1 : May 11 18:00:33 jan-lenovo kernel: [    0.020616] Security Framework initialized
/var/log/syslog.1 : May 11 18:00:33 jan-lenovo kernel: [    0.020618] Yama: becoming mindful.
/var/log/syslog.1 : May 11 18:00:33 jan-lenovo kernel: [    0.020637] AppArmor: AppArmor initialized
/var/log/syslog.1 : May 11 18:00:33 jan-lenovo kernel: [    0.021963] Dentry cache hash table entries: 1048576 (order: 11, 8388608 bytes)
/var/log/syslog.1 : May 11 18:00:33 jan-lenovo kernel: [    0.022763] Inode-cache hash table entries: 524288 (order: 10, 4194304 bytes)
/var/log/syslog.1 : May 11 18:00:33 jan-lenovo kernel: [    0.022797] Mount-cache hash table entries: 16384 (order: 5, 131072 bytes)
/var/log/syslog.1 : May 11 18:00:33 jan-lenovo kernel: [    0.022823] Mountpoint-cache hash table entries: 16384 (order: 5, 131072 bytes)
/var/log/syslog.1 : May 11 18:00:33 jan-lenovo kernel: [    0.023001] CPU: Physical Processor ID: 0
/var/log/syslog.1 : May 11 18:00:33 jan-lenovo kernel: [    0.023001] CPU: Processor Core ID: 0
/var/log/syslog.1 : May 11 18:00:33 jan-lenovo kernel: [    0.023006] ENERGY_PERF_BIAS: Set to 'normal', was 'performance'
/var/log/syslog.1 : May 11 18:00:33 jan-lenovo kernel: [    0.023007] ENERGY_PERF_BIAS: View and update with x86_energy_perf_policy(8)
/var/log/syslog.1 : May 11 18:00:33 jan-lenovo kernel: [    0.023008] FEATURE SPEC_CTRL Not Present
/var/log/syslog.1 : May 11 18:00:33 jan-lenovo kernel: [    0.023011] mce: CPU supports 9 MCE banks
/var/log/syslog.1 : May 11 18:00:33 jan-lenovo kernel: [    0.023019] CPU0: Thermal monitoring enabled (TM1)
/var/log/syslog.1 : May 11 18:00:33 jan-lenovo kernel: [    0.023032] process: using mwait in idle threads
/var/log/syslog.1 : May 11 18:00:33 jan-lenovo kernel: [    0.023035] Last level iTLB entries: 4KB 1024, 2MB 1024, 4MB 1024
/var/log/syslog.1 : May 11 18:00:33 jan-lenovo kernel: [    0.023035] Last level dTLB entries: 4KB 1024, 2MB 1024, 4MB 1024, 1GB 4
/var/log/syslog.1 : May 11 18:00:33 jan-lenovo kernel: [    0.023037] Spectre V2 mitigation: Mitigation: Full generic retpoline
/var/log/syslog.1 : May 11 18:00:33 jan-lenovo kernel: [    0.023037] Spectre V2 mitigation: Speculation control IBPB not-supported IBRS not-supported
/var/log/syslog.1 : May 11 18:00:33 jan-lenovo kernel: [    0.023413] Freeing SMP alternatives memory: 36K
/var/log/syslog.1 : May 11 18:00:33 jan-lenovo kernel: [    0.028488] smpboot: Max logical packages: 2
/var/log/syslog.1 : May 11 18:00:33 jan-lenovo kernel: [    0.028499] DMAR: Host address width 39
/var/log/syslog.1 : May 11 18:00:33 jan-lenovo kernel: [    0.028500] DMAR: DRHD base: 0x000000fed90000 flags: 0x0
/var/log/syslog.1 : May 11 18:00:33 jan-lenovo kernel: [    0.028505] DMAR: dmar0: reg_base_addr fed90000 ver 1:0 cap c0000020660462 ecap f0101a
/var/log/syslog.1 : May 11 18:00:33 jan-lenovo kernel: [    0.028506] DMAR: DRHD base: 0x000000fed91000 flags: 0x1
/var/log/syslog.1 : May 11 18:00:33 jan-lenovo kernel: [    0.028509] DMAR: dmar1: reg_base_addr fed91000 ver 1:0 cap d2008020660462 ecap f010da
/var/log/syslog.1 : May 11 18:00:33 jan-lenovo kernel: [    0.028510] DMAR: RMRR base: 0x0000009cdf9000 end: 0x0000009ce18fff
/var/log/syslog.1 : May 11 18:00:33 jan-lenovo kernel: [    0.028511] DMAR: RMRR base: 0x0000009d800000 end: 0x0000009f9fffff
/var/log/syslog.1 : May 11 18:00:33 jan-lenovo kernel: [    0.028513] DMAR-IR: IOAPIC id 2 under DRHD base  0xfed91000 IOMMU 1
/var/log/syslog.1 : May 11 18:00:33 jan-lenovo kernel: [    0.028514] DMAR-IR: HPET id 0 under DRHD base 0xfed91000
/var/log/syslog.1 : May 11 18:00:33 jan-lenovo kernel: [    0.028515] DMAR-IR: Queued invalidation will be enabled to support x2apic and Intr-remapping.
/var/log/syslog.1 : May 11 18:00:33 jan-lenovo kernel: [    0.028882] DMAR-IR: Enabled IRQ remapping in x2apic mode
/var/log/syslog.1 : May 11 18:00:33 jan-lenovo kernel: [    0.028883] x2apic enabled
/var/log/syslog.1 : May 11 18:00:33 jan-lenovo kernel: [    0.028888] Switched APIC routing to cluster x2apic.
/var/log/syslog.1 : May 11 18:00:33 jan-lenovo kernel: [    0.029315] ..TIMER: vector=0x30 apic1=0 pin1=2 apic2=-1 pin2=-1
/var/log/syslog.1 : May 11 18:00:33 jan-lenovo kernel: [    0.072000] smpboot: CPU0: Intel(R) Core(TM) i7-4720HQ CPU @ 2.60GHz (family: 0x6, model: 0x3c, stepping: 0x3)
/var/log/syslog.1 : May 11 18:00:33 jan-lenovo kernel: [    0.072000] Performance Events: PEBS fmt2+, Haswell events, 16-deep LBR, full-width counters, Intel PMU driver.
/var/log/syslog.1 : May 11 18:00:33 jan-lenovo kernel: [    0.072000] ... version:                3
/var/log/syslog.1 : May 11 18:00:33 jan-lenovo kernel: [    0.072000] ... bit width:              48
/var/log/syslog.1 : May 11 18:00:33 jan-lenovo kernel: [    0.072000] ... generic registers:      4
/var/log/syslog.1 : May 11 18:00:33 jan-lenovo kernel: [    0.072000] ... value mask:             0000ffffffffffff
/var/log/syslog.1 : May 11 18:00:33 jan-lenovo kernel: [    0.072000] ... max period:             00007fffffffffff
/var/log/syslog.1 : May 11 18:00:33 jan-lenovo kernel: [    0.072000] ... fixed-purpose events:   3
/var/log/syslog.1 : May 11 18:00:33 jan-lenovo kernel: [    0.072000] ... event mask:             000000070000000f
/var/log/syslog.1 : May 11 18:00:33 jan-lenovo kernel: [    0.072000] Hierarchical SRCU implementation.
/var/log/syslog.1 : May 11 18:00:33 jan-lenovo kernel: [    0.072000] smp: Bringing up secondary CPUs ...
/var/log/syslog.1 : May 11 18:00:33 jan-lenovo kernel: [    0.072000] x86: Booting SMP configuration:
/var/log/syslog.1 : May 11 18:00:33 jan-lenovo kernel: [    0.072000] .... node  #0, CPUs:      #1
/var/log/syslog.1 : May 11 18:00:33 jan-lenovo kernel: [    0.072000] NMI watchdog: enabled on all CPUs, permanently consumes one hw-PMU counter.
/var/log/syslog.1 : May 11 18:00:33 jan-lenovo kernel: [    0.072000]  #2 #3 #4 #5 #6 #7
/var/log/syslog.1 : May 11 18:00:33 jan-lenovo kernel: [    0.072411] smp: Brought up 1 node, 8 CPUs
/var/log/syslog.1 : May 11 18:00:33 jan-lenovo kernel: [    0.072411] smpboot: Total of 8 processors activated (41502.92 BogoMIPS)
/var/log/syslog.1 : May 11 18:00:33 jan-lenovo kernel: [    0.076302] devtmpfs: initialized
/var/log/syslog.1 : May 11 18:00:33 jan-lenovo kernel: [    0.076302] x86/mm: Memory block size: 128MB
/var/log/syslog.1 : May 11 18:00:33 jan-lenovo kernel: [    0.080298] evm: security.selinux
/var/log/syslog.1 : May 11 18:00:33 jan-lenovo kernel: [    0.080298] evm: security.SMACK64
/var/log/syslog.1 : May 11 18:00:33 jan-lenovo kernel: [    0.080299] evm: security.SMACK64EXEC
/var/log/syslog.1 : May 11 18:00:33 jan-lenovo kernel: [    0.080299] evm: security.SMACK64TRANSMUTE
/var/log/syslog.1 : May 11 18:00:33 jan-lenovo kernel: [    0.080300] evm: security.SMACK64MMAP
/var/log/syslog.1 : May 11 18:00:33 jan-lenovo kernel: [    0.080300] evm: security.ima
/var/log/syslog.1 : May 11 18:00:33 jan-lenovo kernel: [    0.080301] evm: security.capability
/var/log/syslog.1 : May 11 18:00:33 jan-lenovo kernel: [    0.080313] PM: Registering ACPI NVS region [mem 0x9cebf000-0x9cfbefff] (1048576 bytes)
/var/log/syslog.1 : May 11 18:00:33 jan-lenovo kernel: [    0.080313] clocksource: jiffies: mask: 0xffffffff max_cycles: 0xffffffff, max_idle_ns: 7645041785100000 ns
/var/log/syslog.1 : May 11 18:00:33 jan-lenovo kernel: [    0.080313] futex hash table entries: 2048 (order: 5, 131072 bytes)
/var/log/syslog.1 : May 11 18:00:33 jan-lenovo kernel: [    0.080313] pinctrl core: initialized pinctrl subsystem
/var/log/syslog.1 : May 11 18:00:33 jan-lenovo kernel: [    0.080313] RTC time: 15:59:57, date: 05/11/18
/var/log/syslog.1 : May 11 18:00:33 jan-lenovo kernel: [    0.080313] NET: Registered protocol family 16
/var/log/syslog.1 : May 11 18:00:33 jan-lenovo kernel: [    0.080448] cpuidle: using governor ladder
/var/log/syslog.1 : May 11 18:00:33 jan-lenovo kernel: [    0.080448] cpuidle: using governor menu
/var/log/syslog.1 : May 11 18:00:33 jan-lenovo kernel: [    0.080448] PCCT header not found.
/var/log/syslog.1 : May 11 18:00:33 jan-lenovo kernel: [    0.080448] Simple Boot Flag at 0x44 set to 0x1
/var/log/syslog.1 : May 11 18:00:33 jan-lenovo kernel: [    0.080448] ACPI FADT declares the system doesn't support PCIe ASPM, so disable it
/var/log/syslog.1 : May 11 18:00:33 jan-lenovo kernel: [    0.080448] ACPI: bus type PCI registered
/var/log/syslog.1 : May 11 18:00:33 jan-lenovo kernel: [    0.080448] acpiphp: ACPI Hot Plug PCI Controller Driver version: 0.5
/var/log/syslog.1 : May 11 18:00:33 jan-lenovo kernel: [    0.080448] PCI: MMCONFIG for domain 0000 [bus 00-ff] at [mem 0xe0000000-0xefffffff] (base 0xe0000000)
/var/log/syslog.1 : May 11 18:00:33 jan-lenovo kernel: [    0.080448] PCI: MMCONFIG at [mem 0xe0000000-0xefffffff] reserved in E820
/var/log/syslog.1 : May 11 18:00:33 jan-lenovo kernel: [    0.080448] PCI: Using configuration type 1 for base access
/var/log/syslog.1 : May 11 18:00:33 jan-lenovo kernel: [    0.080448] core: PMU erratum BJ122, BV98, HSD29 worked around, HT is on
/var/log/syslog.1 : May 11 18:00:33 jan-lenovo kernel: [    0.081075] HugeTLB registered 1.00 GiB page size, pre-allocated 0 pages
/var/log/syslog.1 : May 11 18:00:33 jan-lenovo kernel: [    0.081075] HugeTLB registered 2.00 MiB page size, pre-allocated 0 pages
/var/log/syslog.1 : May 11 18:00:33 jan-lenovo kernel: [    0.081077] ACPI: Added _OSI(Module Device)
/var/log/syslog.1 : May 11 18:00:33 jan-lenovo kernel: [    0.081077] ACPI: Added _OSI(Processor Device)
/var/log/syslog.1 : May 11 18:00:33 jan-lenovo kernel: [    0.081077] ACPI: Added _OSI(3.0 _SCP Extensions)
/var/log/syslog.1 : May 11 18:00:33 jan-lenovo kernel: [    0.081077] ACPI: Added _OSI(Processor Aggregator Device)
/var/log/syslog.1 : May 11 18:00:33 jan-lenovo kernel: [    0.085760] ACPI: [Firmware Bug]: BIOS _OSI(Linux) query ignored
/var/log/syslog.1 : May 11 18:00:33 jan-lenovo kernel: [    0.088976] ACPI: Dynamic OEM Table Load:
/var/log/syslog.1 : May 11 18:00:33 jan-lenovo kernel: [    0.088983] ACPI: SSDT 0xFFFF8D1A1526A800 0003D3 (v01 PmRef  Cpu0Cst  00003001 INTL 20121220)
/var/log/syslog.1 : May 11 18:00:33 jan-lenovo kernel: [    0.089103] ACPI: Dynamic OEM Table Load:
/var/log/syslog.1 : May 11 18:00:33 jan-lenovo kernel: [    0.089103] ACPI: SSDT 0xFFFF8D1A15785800 0005AA (v01 PmRef  ApIst    00003000 INTL 20121220)
/var/log/syslog.1 : May 11 18:00:33 jan-lenovo kernel: [    0.089103] ACPI: Dynamic OEM Table Load:
/var/log/syslog.1 : May 11 18:00:33 jan-lenovo kernel: [    0.089103] ACPI: SSDT 0xFFFF8D1A1528FE00 000119 (v01 PmRef  ApCst    00003000 INTL 20121220)
/var/log/syslog.1 : May 11 18:00:33 jan-lenovo kernel: [    0.089337] ACPI: EC: EC started
/var/log/syslog.1 : May 11 18:00:33 jan-lenovo kernel: [    0.089337] ACPI: EC: interrupt blocked
/var/log/syslog.1 : May 11 18:00:33 jan-lenovo kernel: [    0.117921] ACPI: \_SB_.PCI0.LPCB.EC0_: Used as first EC
/var/log/syslog.1 : May 11 18:00:33 jan-lenovo kernel: [    0.117923] ACPI: \_SB_.PCI0.LPCB.EC0_: GPE=0x17, EC_CMD/EC_SC=0x66, EC_DATA=0x62
/var/log/syslog.1 : May 11 18:00:33 jan-lenovo kernel: [    0.117924] ACPI: \_SB_.PCI0.LPCB.EC0_: Used as boot DSDT EC to handle transactions
/var/log/syslog.1 : May 11 18:00:33 jan-lenovo kernel: [    0.117925] ACPI: Interpreter enabled
/var/log/syslog.1 : May 11 18:00:33 jan-lenovo kernel: [    0.117953] ACPI: (supports S0 S3 S4 S5)
/var/log/syslog.1 : May 11 18:00:33 jan-lenovo kernel: [    0.117954] ACPI: Using IOAPIC for interrupt routing
/var/log/syslog.1 : May 11 18:00:33 jan-lenovo kernel: [    0.117979] PCI: Using host bridge windows from ACPI; if necessary, use "pci=nocrs" and report a bug
/var/log/syslog.1 : May 11 18:00:33 jan-lenovo kernel: [    0.118182] ACPI: Enabled 7 GPEs in block 00 to 3F
/var/log/syslog.1 : May 11 18:00:33 jan-lenovo kernel: [    0.238387] ACPI: Power Resource [PG00] (on)
/var/log/syslog.1 : May 11 18:00:33 jan-lenovo kernel: [    0.238409] ACPI: Power Resource [NVP2] (on)
/var/log/syslog.1 : May 11 18:00:33 jan-lenovo kernel: [    0.241484] ACPI: PCI Root Bridge [PCI0] (domain 0000 [bus 00-fe])
/var/log/syslog.1 : May 11 18:00:33 jan-lenovo kernel: [    0.241489] acpi PNP0A08:00: _OSC: OS supports [ExtendedConfig ASPM ClockPM Segments MSI]
/var/log/syslog.1 : May 11 18:00:33 jan-lenovo kernel: [    0.241614] acpi PNP0A08:00: _OSC failed (AE_ERROR); disabling ASPM
/var/log/syslog.1 : May 11 18:00:33 jan-lenovo kernel: [    0.242029] PCI host bridge to bus 0000:00
/var/log/syslog.1 : May 11 18:00:33 jan-lenovo kernel: [    0.242032] pci_bus 0000:00: root bus resource [io  0x0000-0x0cf7 window]
/var/log/syslog.1 : May 11 18:00:33 jan-lenovo kernel: [    0.242033] pci_bus 0000:00: root bus resource [io  0x0d00-0xffff window]
/var/log/syslog.1 : May 11 18:00:33 jan-lenovo kernel: [    0.242034] pci_bus 0000:00: root bus resource [mem 0x000a0000-0x000bffff window]
/var/log/syslog.1 : May 11 18:00:33 jan-lenovo kernel: [    0.242035] pci_bus 0000:00: root bus resource [mem 0x000c0000-0x000c3fff window]
/var/log/syslog.1 : May 11 18:00:33 jan-lenovo kernel: [    0.242037] pci_bus 0000:00: root bus resource [mem 0x000c4000-0x000c7fff window]
/var/log/syslog.1 : May 11 18:00:33 jan-lenovo kernel: [    0.242038] pci_bus 0000:00: root bus resource [mem 0x000c8000-0x000cbfff window]
/var/log/syslog.1 : May 11 18:00:33 jan-lenovo kernel: [    0.242039] pci_bus 0000:00: root bus resource [mem 0x000cc000-0x000cffff window]
/var/log/syslog.1 : May 11 18:00:33 jan-lenovo kernel: [    0.242040] pci_bus 0000:00: root bus resource [mem 0x000d0000-0x000d3fff window]
/var/log/syslog.1 : May 11 18:00:33 jan-lenovo kernel: [    0.242041] pci_bus 0000:00: root bus resource [mem 0x000d4000-0x000d7fff window]
/var/log/syslog.1 : May 11 18:00:33 jan-lenovo kernel: [    0.242042] pci_bus 0000:00: root bus resource [mem 0x000d8000-0x000dbfff window]
/var/log/syslog.1 : May 11 18:00:33 jan-lenovo kernel: [    0.242043] pci_bus 0000:00: root bus resource [mem 0x000dc000-0x000dffff window]
/var/log/syslog.1 : May 11 18:00:33 jan-lenovo kernel: [    0.242045] pci_bus 0000:00: root bus resource [mem 0x9fa00000-0xfeafffff window]
/var/log/syslog.1 : May 11 18:00:33 jan-lenovo kernel: [    0.242046] pci_bus 0000:00: root bus resource [bus 00-fe]
/var/log/syslog.1 : May 11 18:00:33 jan-lenovo kernel: [    0.242053] pci 0000:00:00.0: [8086:0c04] type 00 class 0x060000
/var/log/syslog.1 : May 11 18:00:33 jan-lenovo kernel: [    0.242189] pci 0000:00:01.0: [8086:0c01] type 01 class 0x060400
/var/log/syslog.1 : May 11 18:00:33 jan-lenovo kernel: [    0.242223] pci 0000:00:01.0: PME# supported from D0 D3hot D3cold
/var/log/syslog.1 : May 11 18:00:33 jan-lenovo kernel: [    0.242375] pci 0000:00:02.0: [8086:0416] type 00 class 0x030000
/var/log/syslog.1 : May 11 18:00:33 jan-lenovo kernel: [    0.242386] pci 0000:00:02.0: reg 0x10: [mem 0xd1000000-0xd13fffff 64bit]
/var/log/syslog.1 : May 11 18:00:33 jan-lenovo kernel: [    0.242392] pci 0000:00:02.0: reg 0x18: [mem 0xc0000000-0xcfffffff 64bit pref]
/var/log/syslog.1 : May 11 18:00:33 jan-lenovo kernel: [    0.242396] pci 0000:00:02.0: reg 0x20: [io  0x6000-0x603f]
/var/log/syslog.1 : May 11 18:00:33 jan-lenovo kernel: [    0.242406] pci 0000:00:02.0: BAR 2: assigned to efifb
/var/log/syslog.1 : May 11 18:00:33 jan-lenovo kernel: [    0.242540] pci 0000:00:03.0: [8086:0c0c] type 00 class 0x040300
/var/log/syslog.1 : May 11 18:00:33 jan-lenovo kernel: [    0.242549] pci 0000:00:03.0: reg 0x10: [mem 0xd1710000-0xd1713fff 64bit]
/var/log/syslog.1 : May 11 18:00:33 jan-lenovo kernel: [    0.242701] pci 0000:00:14.0: [8086:8c31] type 00 class 0x0c0330
/var/log/syslog.1 : May 11 18:00:33 jan-lenovo kernel: [    0.242721] pci 0000:00:14.0: reg 0x10: [mem 0xd1700000-0xd170ffff 64bit]
/var/log/syslog.1 : May 11 18:00:33 jan-lenovo kernel: [    0.242778] pci 0000:00:14.0: PME# supported from D3hot D3cold
/var/log/syslog.1 : May 11 18:00:33 jan-lenovo kernel: [    0.242898] pci 0000:00:16.0: [8086:8c3a] type 00 class 0x078000
/var/log/syslog.1 : May 11 18:00:33 jan-lenovo kernel: [    0.242920] pci 0000:00:16.0: reg 0x10: [mem 0xd1718000-0xd171800f 64bit]
/var/log/syslog.1 : May 11 18:00:33 jan-lenovo kernel: [    0.242979] pci 0000:00:16.0: PME# supported from D0 D3hot D3cold
/var/log/syslog.1 : May 11 18:00:33 jan-lenovo kernel: [    0.243103] pci 0000:00:1a.0: [8086:8c2d] type 00 class 0x0c0320
/var/log/syslog.1 : May 11 18:00:33 jan-lenovo kernel: [    0.243124] pci 0000:00:1a.0: reg 0x10: [mem 0xd171d000-0xd171d3ff]
/var/log/syslog.1 : May 11 18:00:33 jan-lenovo kernel: [    0.243202] pci 0000:00:1a.0: PME# supported from D0 D3hot D3cold
/var/log/syslog.1 : May 11 18:00:33 jan-lenovo kernel: [    0.243323] pci 0000:00:1b.0: [8086:8c20] type 00 class 0x040300
/var/log/syslog.1 : May 11 18:00:33 jan-lenovo kernel: [    0.243342] pci 0000:00:1b.0: reg 0x10: [mem 0xd1714000-0xd1717fff 64bit]
/var/log/syslog.1 : May 11 18:00:33 jan-lenovo kernel: [    0.243408] pci 0000:00:1b.0: PME# supported from D0 D3hot D3cold
/var/log/syslog.1 : May 11 18:00:33 jan-lenovo kernel: [    0.243532] pci 0000:00:1c.0: [8086:8c10] type 01 class 0x060400
/var/log/syslog.1 : May 11 18:00:33 jan-lenovo kernel: [    0.243598] pci 0000:00:1c.0: PME# supported from D0 D3hot D3cold
/var/log/syslog.1 : May 11 18:00:33 jan-lenovo kernel: [    0.243748] pci 0000:00:1c.1: [8086:8c12] type 01 class 0x060400
/var/log/syslog.1 : May 11 18:00:33 jan-lenovo kernel: [    0.243815] pci 0000:00:1c.1: PME# supported from D0 D3hot D3cold
/var/log/syslog.1 : May 11 18:00:33 jan-lenovo kernel: [    0.243966] pci 0000:00:1c.2: [8086:8c14] type 01 class 0x060400
/var/log/syslog.1 : May 11 18:00:33 jan-lenovo kernel: [    0.244036] pci 0000:00:1c.2: PME# supported from D0 D3hot D3cold
/var/log/syslog.1 : May 11 18:00:33 jan-lenovo kernel: [    0.244164] pci 0000:00:1c.4: [8086:8c18] type 01 class 0x060400
/var/log/syslog.1 : May 11 18:00:33 jan-lenovo kernel: [    0.244231] pci 0000:00:1c.4: PME# supported from D0 D3hot D3cold
/var/log/syslog.1 : May 11 18:00:33 jan-lenovo kernel: [    0.244384] pci 0000:00:1d.0: [8086:8c26] type 00 class 0x0c0320
/var/log/syslog.1 : May 11 18:00:33 jan-lenovo kernel: [    0.244406] pci 0000:00:1d.0: reg 0x10: [mem 0xd171c000-0xd171c3ff]
/var/log/syslog.1 : May 11 18:00:33 jan-lenovo kernel: [    0.244485] pci 0000:00:1d.0: PME# supported from D0 D3hot D3cold
/var/log/syslog.1 : May 11 18:00:33 jan-lenovo kernel: [    0.244609] pci 0000:00:1f.0: [8086:8c4b] type 00 class 0x060100
/var/log/syslog.1 : May 11 18:00:33 jan-lenovo kernel: [    0.244825] pci 0000:00:1f.2: [8086:8c03] type 00 class 0x010601
/var/log/syslog.1 : May 11 18:00:33 jan-lenovo kernel: [    0.244841] pci 0000:00:1f.2: reg 0x10: [io  0x6088-0x608f]
/var/log/syslog.1 : May 11 18:00:33 jan-lenovo kernel: [    0.244848] pci 0000:00:1f.2: reg 0x14: [io  0x6094-0x6097]
/var/log/syslog.1 : May 11 18:00:33 jan-lenovo kernel: [    0.244855] pci 0000:00:1f.2: reg 0x18: [io  0x6080-0x6087]
/var/log/syslog.1 : May 11 18:00:33 jan-lenovo kernel: [    0.244862] pci 0000:00:1f.2: reg 0x1c: [io  0x6090-0x6093]
/var/log/syslog.1 : May 11 18:00:33 jan-lenovo kernel: [    0.244870] pci 0000:00:1f.2: reg 0x20: [io  0x6060-0x607f]
/var/log/syslog.1 : May 11 18:00:33 jan-lenovo kernel: [    0.244877] pci 0000:00:1f.2: reg 0x24: [mem 0xd171b000-0xd171b7ff]
/var/log/syslog.1 : May 11 18:00:33 jan-lenovo kernel: [    0.244910] pci 0000:00:1f.2: PME# supported from D3hot
/var/log/syslog.1 : May 11 18:00:33 jan-lenovo kernel: [    0.245025] pci 0000:00:1f.3: [8086:8c22] type 00 class 0x0c0500
/var/log/syslog.1 : May 11 18:00:33 jan-lenovo kernel: [    0.245043] pci 0000:00:1f.3: reg 0x10: [mem 0xd1719000-0xd17190ff 64bit]
/var/log/syslog.1 : May 11 18:00:33 jan-lenovo kernel: [    0.245062] pci 0000:00:1f.3: reg 0x20: [io  0x6040-0x605f]
/var/log/syslog.1 : May 11 18:00:33 jan-lenovo kernel: [    0.245228] pci 0000:01:00.0: [10de:139b] type 00 class 0x030200
/var/log/syslog.1 : May 11 18:00:33 jan-lenovo kernel: [    0.245241] pci 0000:01:00.0: reg 0x10: [mem 0xd0000000-0xd0ffffff]
/var/log/syslog.1 : May 11 18:00:33 jan-lenovo kernel: [    0.245248] pci 0000:01:00.0: reg 0x14: [mem 0xa0000000-0xafffffff 64bit pref]
/var/log/syslog.1 : May 11 18:00:33 jan-lenovo kernel: [    0.245256] pci 0000:01:00.0: reg 0x1c: [mem 0xb0000000-0xb1ffffff 64bit pref]
/var/log/syslog.1 : May 11 18:00:33 jan-lenovo kernel: [    0.245261] pci 0000:01:00.0: reg 0x24: [io  0x5000-0x507f]
/var/log/syslog.1 : May 11 18:00:33 jan-lenovo kernel: [    0.245266] pci 0000:01:00.0: reg 0x30: [mem 0xfff80000-0xffffffff pref]
/var/log/syslog.1 : May 11 18:00:33 jan-lenovo kernel: [    0.260026] pci 0000:00:01.0: PCI bridge to [bus 01-06]
/var/log/syslog.1 : May 11 18:00:33 jan-lenovo kernel: [    0.260028] pci 0000:00:01.0:   bridge window [io  0x5000-0x5fff]
/var/log/syslog.1 : May 11 18:00:33 jan-lenovo kernel: [    0.260030] pci 0000:00:01.0:   bridge window [mem 0xd0000000-0xd0ffffff]
/var/log/syslog.1 : May 11 18:00:33 jan-lenovo kernel: [    0.260033] pci 0000:00:01.0:   bridge window [mem 0xa0000000-0xbfffffff 64bit pref]
/var/log/syslog.1 : May 11 18:00:33 jan-lenovo kernel: [    0.260078] pci 0000:00:1c.0: PCI bridge to [bus 07]
/var/log/syslog.1 : May 11 18:00:33 jan-lenovo kernel: [    0.260142] pci 0000:08:00.0: [10ec:b723] type 00 class 0x028000
/var/log/syslog.1 : May 11 18:00:33 jan-lenovo kernel: [    0.260176] pci 0000:08:00.0: reg 0x10: [io  0x4000-0x40ff]
/var/log/syslog.1 : May 11 18:00:33 jan-lenovo kernel: [    0.260208] pci 0000:08:00.0: reg 0x18: [mem 0xd1600000-0xd1603fff 64bit]
/var/log/syslog.1 : May 11 18:00:33 jan-lenovo kernel: [    0.260324] pci 0000:08:00.0: supports D1 D2
/var/log/syslog.1 : May 11 18:00:33 jan-lenovo kernel: [    0.260325] pci 0000:08:00.0: PME# supported from D0 D1 D2 D3hot D3cold
/var/log/syslog.1 : May 11 18:00:33 jan-lenovo kernel: [    0.276040] pci 0000:00:1c.1: PCI bridge to [bus 08]
/var/log/syslog.1 : May 11 18:00:33 jan-lenovo kernel: [    0.276044] pci 0000:00:1c.1:   bridge window [io  0x4000-0x4fff]
/var/log/syslog.1 : May 11 18:00:33 jan-lenovo kernel: [    0.276048] pci 0000:00:1c.1:   bridge window [mem 0xd1600000-0xd16fffff]
/var/log/syslog.1 : May 11 18:00:33 jan-lenovo kernel: [    0.276108] pci 0000:09:00.0: [10ec:8168] type 00 class 0x020000
/var/log/syslog.1 : May 11 18:00:33 jan-lenovo kernel: [    0.276140] pci 0000:09:00.0: reg 0x10: [io  0x3000-0x30ff]
/var/log/syslog.1 : May 11 18:00:33 jan-lenovo kernel: [    0.276168] pci 0000:09:00.0: reg 0x18: [mem 0xd1504000-0xd1504fff 64bit]
/var/log/syslog.1 : May 11 18:00:33 jan-lenovo kernel: [    0.276186] pci 0000:09:00.0: reg 0x20: [mem 0xd1500000-0xd1503fff 64bit]
/var/log/syslog.1 : May 11 18:00:33 jan-lenovo kernel: [    0.276282] pci 0000:09:00.0: supports D1 D2
/var/log/syslog.1 : May 11 18:00:33 jan-lenovo kernel: [    0.276283] pci 0000:09:00.0: PME# supported from D0 D1 D2 D3hot D3cold
/var/log/syslog.1 : May 11 18:00:33 jan-lenovo kernel: [    0.292039] pci 0000:00:1c.2: PCI bridge to [bus 09]
/var/log/syslog.1 : May 11 18:00:33 jan-lenovo kernel: [    0.292042] pci 0000:00:1c.2:   bridge window [io  0x3000-0x3fff]
/var/log/syslog.1 : May 11 18:00:33 jan-lenovo kernel: [    0.292045] pci 0000:00:1c.2:   bridge window [mem 0xd1500000-0xd15fffff]
/var/log/syslog.1 : May 11 18:00:33 jan-lenovo kernel: [    0.292144] pci 0000:0a:00.0: [10ec:5249] type 00 class 0xff0000
/var/log/syslog.1 : May 11 18:00:33 jan-lenovo kernel: [    0.292250] pci 0000:0a:00.0: reg 0x10: [mem 0xd1400000-0xd1400fff]
/var/log/syslog.1 : May 11 18:00:33 jan-lenovo kernel: [    0.292469] pci 0000:0a:00.0: supports D1 D2
/var/log/syslog.1 : May 11 18:00:33 jan-lenovo kernel: [    0.292470] pci 0000:0a:00.0: PME# supported from D1 D2 D3hot D3cold
/var/log/syslog.1 : May 11 18:00:33 jan-lenovo kernel: [    0.308050] pci 0000:00:1c.4: PCI bridge to [bus 0a]
/var/log/syslog.1 : May 11 18:00:33 jan-lenovo kernel: [    0.308055] pci 0000:00:1c.4:   bridge window [mem 0xd1400000-0xd14fffff]
/var/log/syslog.1 : May 11 18:00:33 jan-lenovo kernel: [    0.368403] ACPI: PCI Interrupt Link [LNKA] (IRQs 3 4 5 6 10 11 12 14 15) *0, disabled.
/var/log/syslog.1 : May 11 18:00:33 jan-lenovo kernel: [    0.368447] ACPI: PCI Interrupt Link [LNKB] (IRQs 3 4 5 6 10 11 12 14 15) *0, disabled.
/var/log/syslog.1 : May 11 18:00:33 jan-lenovo kernel: [    0.368492] ACPI: PCI Interrupt Link [LNKC] (IRQs 3 4 5 6 10 11 12 14 15) *0, disabled.
/var/log/syslog.1 : May 11 18:00:33 jan-lenovo kernel: [    0.368537] ACPI: PCI Interrupt Link [LNKD] (IRQs 3 4 5 6 10 11 12 14 15) *0, disabled.
/var/log/syslog.1 : May 11 18:00:33 jan-lenovo kernel: [    0.368578] ACPI: PCI Interrupt Link [LNKE] (IRQs 3 4 5 6 10 11 12 14 15) *0, disabled.
/var/log/syslog.1 : May 11 18:00:33 jan-lenovo kernel: [    0.368620] ACPI: PCI Interrupt Link [LNKF] (IRQs 3 4 5 6 10 11 12 14 15) *0, disabled.
/var/log/syslog.1 : May 11 18:00:33 jan-lenovo kernel: [    0.368661] ACPI: PCI Interrupt Link [LNKG] (IRQs 3 4 5 6 10 11 12 14 15) *0, disabled.
/var/log/syslog.1 : May 11 18:00:33 jan-lenovo kernel: [    0.368702] ACPI: PCI Interrupt Link [LNKH] (IRQs 3 4 5 6 10 11 12 14 15) *0, disabled.
/var/log/syslog.1 : May 11 18:00:33 jan-lenovo kernel: [    0.372003] ACPI: EC: interrupt unblocked
/var/log/syslog.1 : May 11 18:00:33 jan-lenovo kernel: [    0.372003] ACPI: EC: event unblocked
/var/log/syslog.1 : May 11 18:00:33 jan-lenovo kernel: [    0.372003] ACPI: \_SB_.PCI0.LPCB.EC0_: GPE=0x17, EC_CMD/EC_SC=0x66, EC_DATA=0x62
/var/log/syslog.1 : May 11 18:00:33 jan-lenovo kernel: [    0.372003] ACPI: \_SB_.PCI0.LPCB.EC0_: Used as boot DSDT EC to handle transactions and events
/var/log/syslog.1 : May 11 18:00:33 jan-lenovo kernel: [    0.372003] SCSI subsystem initialized
/var/log/syslog.1 : May 11 18:00:33 jan-lenovo kernel: [    0.372009] libata version 3.00 loaded.
/var/log/syslog.1 : May 11 18:00:33 jan-lenovo kernel: [    0.372018] pci 0000:00:02.0: vgaarb: setting as boot VGA device
/var/log/syslog.1 : May 11 18:00:33 jan-lenovo kernel: [    0.372018] pci 0000:00:02.0: vgaarb: VGA device added: decodes=io+mem,owns=io+mem,locks=none
/var/log/syslog.1 : May 11 18:00:33 jan-lenovo kernel: [    0.372018] pci 0000:00:02.0: vgaarb: bridge control possible
/var/log/syslog.1 : May 11 18:00:33 jan-lenovo kernel: [    0.372018] vgaarb: loaded
/var/log/syslog.1 : May 11 18:00:33 jan-lenovo kernel: [    0.372023] ACPI: bus type USB registered
/var/log/syslog.1 : May 11 18:00:33 jan-lenovo kernel: [    0.372035] usbcore: registered new interface driver usbfs
/var/log/syslog.1 : May 11 18:00:33 jan-lenovo kernel: [    0.372041] usbcore: registered new interface driver hub
/var/log/syslog.1 : May 11 18:00:33 jan-lenovo kernel: [    0.372057] usbcore: registered new device driver usb
/var/log/syslog.1 : May 11 18:00:33 jan-lenovo kernel: [    0.372086] EDAC MC: Ver: 3.0.0
/var/log/syslog.1 : May 11 18:00:33 jan-lenovo kernel: [    0.372086] Registered efivars operations
/var/log/syslog.1 : May 11 18:00:33 jan-lenovo kernel: [    0.393675] PCI: Using ACPI for IRQ routing
/var/log/syslog.1 : May 11 18:00:33 jan-lenovo kernel: [    0.395432] PCI: pci_cache_line_size set to 64 bytes
/var/log/syslog.1 : May 11 18:00:33 jan-lenovo kernel: [    0.395500] e820: reserve RAM buffer [mem 0x0006f000-0x0006ffff]
/var/log/syslog.1 : May 11 18:00:33 jan-lenovo kernel: [    0.395501] e820: reserve RAM buffer [mem 0x00088000-0x0008ffff]
/var/log/syslog.1 : May 11 18:00:33 jan-lenovo kernel: [    0.395502] e820: reserve RAM buffer [mem 0x76a70000-0x77ffffff]
/var/log/syslog.1 : May 11 18:00:33 jan-lenovo kernel: [    0.395503] e820: reserve RAM buffer [mem 0x9c6bf000-0x9fffffff]
/var/log/syslog.1 : May 11 18:00:33 jan-lenovo kernel: [    0.395504] e820: reserve RAM buffer [mem 0x9d000000-0x9fffffff]
/var/log/syslog.1 : May 11 18:00:33 jan-lenovo kernel: [    0.395505] e820: reserve RAM buffer [mem 0x25f600000-0x25fffffff]
/var/log/syslog.1 : May 11 18:00:33 jan-lenovo kernel: [    0.395583] NetLabel: Initializing
/var/log/syslog.1 : May 11 18:00:33 jan-lenovo kernel: [    0.395583] NetLabel:  domain hash size = 128
/var/log/syslog.1 : May 11 18:00:33 jan-lenovo kernel: [    0.395584] NetLabel:  protocols = UNLABELED CIPSOv4 CALIPSO
/var/log/syslog.1 : May 11 18:00:33 jan-lenovo kernel: [    0.395596] NetLabel:  unlabeled traffic allowed by default
/var/log/syslog.1 : May 11 18:00:33 jan-lenovo kernel: [    0.396035] hpet0: at MMIO 0xfed00000, IRQs 2, 8, 0, 0, 0, 0, 0, 0
/var/log/syslog.1 : May 11 18:00:33 jan-lenovo kernel: [    0.396040] hpet0: 8 comparators, 64-bit 14.318180 MHz counter
/var/log/syslog.1 : May 11 18:00:33 jan-lenovo kernel: [    0.402025] clocksource: Switched to clocksource hpet
/var/log/syslog.1 : May 11 18:00:33 jan-lenovo kernel: [    0.408255] VFS: Disk quotas dquot_6.6.0
/var/log/syslog.1 : May 11 18:00:33 jan-lenovo kernel: [    0.408272] VFS: Dquot-cache hash table entries: 512 (order 0, 4096 bytes)
/var/log/syslog.1 : May 11 18:00:33 jan-lenovo kernel: [    0.408356] AppArmor: AppArmor Filesystem Enabled
/var/log/syslog.1 : May 11 18:00:33 jan-lenovo kernel: [    0.408395] pnp: PnP ACPI init
/var/log/syslog.1 : May 11 18:00:33 jan-lenovo kernel: [    0.408527] system 00:00: [io  0x0680-0x069f] has been reserved
/var/log/syslog.1 : May 11 18:00:33 jan-lenovo kernel: [    0.408529] system 00:00: [io  0xffff] has been reserved
/var/log/syslog.1 : May 11 18:00:33 jan-lenovo kernel: [    0.408531] system 00:00: [io  0xffff] has been reserved
/var/log/syslog.1 : May 11 18:00:33 jan-lenovo kernel: [    0.408532] system 00:00: [io  0xffff] has been reserved
/var/log/syslog.1 : May 11 18:00:33 jan-lenovo kernel: [    0.408533] system 00:00: [io  0x1800-0x18fe] has been reserved
/var/log/syslog.1 : May 11 18:00:33 jan-lenovo kernel: [    0.408535] system 00:00: [io  0xfd60-0xfd63] has been reserved
/var/log/syslog.1 : May 11 18:00:33 jan-lenovo kernel: [    0.408536] system 00:00: [io  0x164e-0x164f] has been reserved
/var/log/syslog.1 : May 11 18:00:33 jan-lenovo kernel: [    0.408539] system 00:00: Plug and Play ACPI device, IDs PNP0c02 (active)
/var/log/syslog.1 : May 11 18:00:33 jan-lenovo kernel: [    0.408580] system 00:01: [io  0x0800-0x087f] has been reserved
/var/log/syslog.1 : May 11 18:00:33 jan-lenovo kernel: [    0.408582] system 00:01: Plug and Play ACPI device, IDs PNP0c02 (active)
/var/log/syslog.1 : May 11 18:00:33 jan-lenovo kernel: [    0.408601] pnp 00:02: Plug and Play ACPI device, IDs PNP0b00 (active)
/var/log/syslog.1 : May 11 18:00:33 jan-lenovo kernel: [    0.408639] system 00:03: [io  0x1854-0x1857] has been reserved
/var/log/syslog.1 : May 11 18:00:33 jan-lenovo kernel: [    0.408642] system 00:03: Plug and Play ACPI device, IDs INT3f0d PNP0c02 (active)
/var/log/syslog.1 : May 11 18:00:33 jan-lenovo kernel: [    0.408685] pnp 00:04: Plug and Play ACPI device, IDs SYN2b34 SYN2b00 SYN0002 PNP0f13 (active)
/var/log/syslog.1 : May 11 18:00:33 jan-lenovo kernel: [    0.408736] pnp 00:05: Plug and Play ACPI device, IDs PNP0303 (active)
/var/log/syslog.1 : May 11 18:00:33 jan-lenovo kernel: [    0.464147] system 00:06: [mem 0xfed1c000-0xfed1ffff] has been reserved
/var/log/syslog.1 : May 11 18:00:33 jan-lenovo kernel: [    0.464148] system 00:06: [mem 0xfed10000-0xfed17fff] has been reserved
/var/log/syslog.1 : May 11 18:00:33 jan-lenovo kernel: [    0.464150] system 00:06: [mem 0xfed18000-0xfed18fff] has been reserved
/var/log/syslog.1 : May 11 18:00:33 jan-lenovo kernel: [    0.464151] system 00:06: [mem 0xfed19000-0xfed19fff] has been reserved
/var/log/syslog.1 : May 11 18:00:33 jan-lenovo kernel: [    0.464152] system 00:06: [mem 0xe0000000-0xefffffff] has been reserved
/var/log/syslog.1 : May 11 18:00:33 jan-lenovo kernel: [    0.464154] system 00:06: [mem 0xfed20000-0xfed3ffff] has been reserved
/var/log/syslog.1 : May 11 18:00:33 jan-lenovo kernel: [    0.464155] system 00:06: [mem 0xfed90000-0xfed93fff] could not be reserved
/var/log/syslog.1 : May 11 18:00:33 jan-lenovo kernel: [    0.464157] system 00:06: [mem 0xff000000-0xff000fff] has been reserved
/var/log/syslog.1 : May 11 18:00:33 jan-lenovo kernel: [    0.464158] system 00:06: [mem 0xff010000-0xffffffff] could not be reserved
/var/log/syslog.1 : May 11 18:00:33 jan-lenovo kernel: [    0.464160] system 00:06: [mem 0xfee00000-0xfeefffff] could not be reserved
/var/log/syslog.1 : May 11 18:00:33 jan-lenovo kernel: [    0.464161] system 00:06: [mem 0x9fa20000-0x9fa20fff] has been reserved
/var/log/syslog.1 : May 11 18:00:33 jan-lenovo kernel: [    0.464163] system 00:06: [mem 0x9fa10000-0x9fa1ffff] has been reserved
/var/log/syslog.1 : May 11 18:00:33 jan-lenovo kernel: [    0.464165] system 00:06: Plug and Play ACPI device, IDs PNP0c02 (active)
/var/log/syslog.1 : May 11 18:00:33 jan-lenovo kernel: [    0.464552] pnp: PnP ACPI: found 7 devices
/var/log/syslog.1 : May 11 18:00:33 jan-lenovo kernel: [    0.470480] clocksource: acpi_pm: mask: 0xffffff max_cycles: 0xffffff, max_idle_ns: 2085701024 ns
/var/log/syslog.1 : May 11 18:00:33 jan-lenovo kernel: [    0.470484] pci 0000:01:00.0: can't claim BAR 6 [mem 0xfff80000-0xffffffff pref]: no compatible bridge window
/var/log/syslog.1 : May 11 18:00:33 jan-lenovo kernel: [    0.470498] pci 0000:00:1c.0: bridge window [io  0x1000-0x0fff] to [bus 07] add_size 1000
/var/log/syslog.1 : May 11 18:00:33 jan-lenovo kernel: [    0.470500] pci 0000:00:1c.0: bridge window [mem 0x00100000-0x000fffff 64bit pref] to [bus 07] add_size 200000 add_align 100000
/var/log/syslog.1 : May 11 18:00:33 jan-lenovo kernel: [    0.470501] pci 0000:00:1c.0: bridge window [mem 0x00100000-0x000fffff] to [bus 07] add_size 200000 add_align 100000
/var/log/syslog.1 : May 11 18:00:33 jan-lenovo kernel: [    0.470526] pci 0000:00:1c.0: BAR 14: assigned [mem 0x9fb00000-0x9fcfffff]
/var/log/syslog.1 : May 11 18:00:33 jan-lenovo kernel: [    0.470533] pci 0000:00:1c.0: BAR 15: assigned [mem 0x9fd00000-0x9fefffff 64bit pref]
/var/log/syslog.1 : May 11 18:00:33 jan-lenovo kernel: [    0.470535] pci 0000:00:1c.0: BAR 13: assigned [io  0x2000-0x2fff]
/var/log/syslog.1 : May 11 18:00:33 jan-lenovo kernel: [    0.470538] pci 0000:01:00.0: BAR 6: assigned [mem 0xb2000000-0xb207ffff pref]
/var/log/syslog.1 : May 11 18:00:33 jan-lenovo kernel: [    0.470540] pci 0000:00:01.0: PCI bridge to [bus 01-06]
/var/log/syslog.1 : May 11 18:00:33 jan-lenovo kernel: [    0.470542] pci 0000:00:01.0:   bridge window [io  0x5000-0x5fff]
/var/log/syslog.1 : May 11 18:00:33 jan-lenovo kernel: [    0.470544] pci 0000:00:01.0:   bridge window [mem 0xd0000000-0xd0ffffff]
/var/log/syslog.1 : May 11 18:00:33 jan-lenovo kernel: [    0.470547] pci 0000:00:01.0:   bridge window [mem 0xa0000000-0xbfffffff 64bit pref]
/var/log/syslog.1 : May 11 18:00:33 jan-lenovo kernel: [    0.470550] pci 0000:00:1c.0: PCI bridge to [bus 07]
/var/log/syslog.1 : May 11 18:00:33 jan-lenovo kernel: [    0.470553] pci 0000:00:1c.0:   bridge window [io  0x2000-0x2fff]
/var/log/syslog.1 : May 11 18:00:33 jan-lenovo kernel: [    0.470557] pci 0000:00:1c.0:   bridge window [mem 0x9fb00000-0x9fcfffff]
/var/log/syslog.1 : May 11 18:00:33 jan-lenovo kernel: [    0.470560] pci 0000:00:1c.0:   bridge window [mem 0x9fd00000-0x9fefffff 64bit pref]
/var/log/syslog.1 : May 11 18:00:33 jan-lenovo kernel: [    0.470566] pci 0000:00:1c.1: PCI bridge to [bus 08]
/var/log/syslog.1 : May 11 18:00:33 jan-lenovo kernel: [    0.470569] pci 0000:00:1c.1:   bridge window [io  0x4000-0x4fff]
/var/log/syslog.1 : May 11 18:00:33 jan-lenovo kernel: [    0.470573] pci 0000:00:1c.1:   bridge window [mem 0xd1600000-0xd16fffff]
/var/log/syslog.1 : May 11 18:00:33 jan-lenovo kernel: [    0.470580] pci 0000:00:1c.2: PCI bridge to [bus 09]
/var/log/syslog.1 : May 11 18:00:33 jan-lenovo kernel: [    0.470583] pci 0000:00:1c.2:   bridge window [io  0x3000-0x3fff]
/var/log/syslog.1 : May 11 18:00:33 jan-lenovo kernel: [    0.470587] pci 0000:00:1c.2:   bridge window [mem 0xd1500000-0xd15fffff]
/var/log/syslog.1 : May 11 18:00:33 jan-lenovo kernel: [    0.470594] pci 0000:00:1c.4: PCI bridge to [bus 0a]
/var/log/syslog.1 : May 11 18:00:33 jan-lenovo kernel: [    0.470599] pci 0000:00:1c.4:   bridge window [mem 0xd1400000-0xd14fffff]
/var/log/syslog.1 : May 11 18:00:33 jan-lenovo kernel: [    0.470606] pci_bus 0000:00: resource 4 [io  0x0000-0x0cf7 window]
/var/log/syslog.1 : May 11 18:00:33 jan-lenovo kernel: [    0.470608] pci_bus 0000:00: resource 5 [io  0x0d00-0xffff window]
/var/log/syslog.1 : May 11 18:00:33 jan-lenovo kernel: [    0.470609] pci_bus 0000:00: resource 6 [mem 0x000a0000-0x000bffff window]
/var/log/syslog.1 : May 11 18:00:33 jan-lenovo kernel: [    0.470610] pci_bus 0000:00: resource 7 [mem 0x000c0000-0x000c3fff window]
/var/log/syslog.1 : May 11 18:00:33 jan-lenovo kernel: [    0.470611] pci_bus 0000:00: resource 8 [mem 0x000c4000-0x000c7fff window]
/var/log/syslog.1 : May 11 18:00:33 jan-lenovo kernel: [    0.470613] pci_bus 0000:00: resource 9 [mem 0x000c8000-0x000cbfff window]
/var/log/syslog.1 : May 11 18:00:33 jan-lenovo kernel: [    0.470614] pci_bus 0000:00: resource 10 [mem 0x000cc000-0x000cffff window]
/var/log/syslog.1 : May 11 18:00:33 jan-lenovo kernel: [    0.470615] pci_bus 0000:00: resource 11 [mem 0x000d0000-0x000d3fff window]
/var/log/syslog.1 : May 11 18:00:33 jan-lenovo kernel: [    0.470616] pci_bus 0000:00: resource 12 [mem 0x000d4000-0x000d7fff window]
/var/log/syslog.1 : May 11 18:00:33 jan-lenovo kernel: [    0.470617] pci_bus 0000:00: resource 13 [mem 0x000d8000-0x000dbfff window]
/var/log/syslog.1 : May 11 18:00:33 jan-lenovo kernel: [    0.470619] pci_bus 0000:00: resource 14 [mem 0x000dc000-0x000dffff window]
/var/log/syslog.1 : May 11 18:00:33 jan-lenovo kernel: [    0.470620] pci_bus 0000:00: resource 15 [mem 0x9fa00000-0xfeafffff window]
/var/log/syslog.1 : May 11 18:00:33 jan-lenovo kernel: [    0.470621] pci_bus 0000:01: resource 0 [io  0x5000-0x5fff]
/var/log/syslog.1 : May 11 18:00:33 jan-lenovo kernel: [    0.470622] pci_bus 0000:01: resource 1 [mem 0xd0000000-0xd0ffffff]
/var/log/syslog.1 : May 11 18:00:33 jan-lenovo kernel: [    0.470624] pci_bus 0000:01: resource 2 [mem 0xa0000000-0xbfffffff 64bit pref]
/var/log/syslog.1 : May 11 18:00:33 jan-lenovo kernel: [    0.470625] pci_bus 0000:07: resource 0 [io  0x2000-0x2fff]
/var/log/syslog.1 : May 11 18:00:33 jan-lenovo kernel: [    0.470626] pci_bus 0000:07: resource 1 [mem 0x9fb00000-0x9fcfffff]
/var/log/syslog.1 : May 11 18:00:33 jan-lenovo kernel: [    0.470627] pci_bus 0000:07: resource 2 [mem 0x9fd00000-0x9fefffff 64bit pref]
/var/log/syslog.1 : May 11 18:00:33 jan-lenovo kernel: [    0.470629] pci_bus 0000:08: resource 0 [io  0x4000-0x4fff]
/var/log/syslog.1 : May 11 18:00:33 jan-lenovo kernel: [    0.470630] pci_bus 0000:08: resource 1 [mem 0xd1600000-0xd16fffff]
/var/log/syslog.1 : May 11 18:00:33 jan-lenovo kernel: [    0.470631] pci_bus 0000:09: resource 0 [io  0x3000-0x3fff]
/var/log/syslog.1 : May 11 18:00:33 jan-lenovo kernel: [    0.470632] pci_bus 0000:09: resource 1 [mem 0xd1500000-0xd15fffff]
/var/log/syslog.1 : May 11 18:00:33 jan-lenovo kernel: [    0.470634] pci_bus 0000:0a: resource 1 [mem 0xd1400000-0xd14fffff]
/var/log/syslog.1 : May 11 18:00:33 jan-lenovo kernel: [    0.470726] NET: Registered protocol family 2
/var/log/syslog.1 : May 11 18:00:33 jan-lenovo kernel: [    0.470863] TCP established hash table entries: 65536 (order: 7, 524288 bytes)
/var/log/syslog.1 : May 11 18:00:33 jan-lenovo kernel: [    0.470981] TCP bind hash table entries: 65536 (order: 8, 1048576 bytes)
/var/log/syslog.1 : May 11 18:00:33 jan-lenovo kernel: [    0.471159] TCP: Hash tables configured (established 65536 bind 65536)
/var/log/syslog.1 : May 11 18:00:33 jan-lenovo kernel: [    0.471189] UDP hash table entries: 4096 (order: 5, 131072 bytes)
/var/log/syslog.1 : May 11 18:00:33 jan-lenovo kernel: [    0.471215] UDP-Lite hash table entries: 4096 (order: 5, 131072 bytes)
/var/log/syslog.1 : May 11 18:00:33 jan-lenovo kernel: [    0.471269] NET: Registered protocol family 1
/var/log/syslog.1 : May 11 18:00:33 jan-lenovo kernel: [    0.471281] pci 0000:00:02.0: Video device with shadowed ROM at [mem 0x000c0000-0x000dffff]
/var/log/syslog.1 : May 11 18:00:33 jan-lenovo kernel: [    2.472028] pci 0000:00:1a.0: EHCI: BIOS handoff failed (BIOS bug?) 01010001
/var/log/syslog.1 : May 11 18:00:33 jan-lenovo kernel: [    4.472028] pci 0000:00:1d.0: EHCI: BIOS handoff failed (BIOS bug?) 01010001
/var/log/syslog.1 : May 11 18:00:33 jan-lenovo kernel: [    4.472231] PCI: CLS 64 bytes, default 64
/var/log/syslog.1 : May 11 18:00:33 jan-lenovo kernel: [    4.472262] Unpacking initramfs...
/var/log/syslog.1 : May 11 18:00:33 jan-lenovo kernel: [    5.190260] Freeing initrd memory: 55676K
/var/log/syslog.1 : May 11 18:00:33 jan-lenovo kernel: [    5.190294] PCI-DMA: Using software bounce buffering for IO (SWIOTLB)
/var/log/syslog.1 : May 11 18:00:33 jan-lenovo kernel: [    5.190296] software IO TLB [mem 0x9826b000-0x9c26b000] (64MB) mapped at [ffff8d185826b000-ffff8d185c26afff]
/var/log/syslog.1 : May 11 18:00:33 jan-lenovo kernel: [    5.190585] Scanning for low memory corruption every 60 seconds
/var/log/syslog.1 : May 11 18:00:33 jan-lenovo kernel: [    5.190869] audit: initializing netlink subsys (disabled)
/var/log/syslog.1 : May 11 18:00:33 jan-lenovo kernel: [    5.190911] audit: type=2000 audit(1526054402.190:1): state=initialized audit_enabled=0 res=1
/var/log/syslog.1 : May 11 18:00:33 jan-lenovo kernel: [    5.191203] Initialise system trusted keyrings
/var/log/syslog.1 : May 11 18:00:33 jan-lenovo kernel: [    5.191211] Key type blacklist registered
/var/log/syslog.1 : May 11 18:00:33 jan-lenovo kernel: [    5.191238] workingset: timestamp_bits=36 max_order=21 bucket_order=0
/var/log/syslog.1 : May 11 18:00:33 jan-lenovo kernel: [    5.192174] zbud: loaded
/var/log/syslog.1 : May 11 18:00:33 jan-lenovo kernel: [    5.192598] squashfs: version 4.0 (2009/01/31) Phillip Lougher
/var/log/syslog.1 : May 11 18:00:33 jan-lenovo kernel: [    5.192704] fuse init (API version 7.26)
/var/log/syslog.1 : May 11 18:00:33 jan-lenovo kernel: [    5.193878] Key type asymmetric registered
/var/log/syslog.1 : May 11 18:00:33 jan-lenovo kernel: [    5.193879] Asymmetric key parser 'x509' registered
/var/log/syslog.1 : May 11 18:00:33 jan-lenovo kernel: [    5.193902] Block layer SCSI generic (bsg) driver version 0.4 loaded (major 247)
/var/log/syslog.1 : May 11 18:00:33 jan-lenovo kernel: [    5.193933] io scheduler noop registered
/var/log/syslog.1 : May 11 18:00:33 jan-lenovo kernel: [    5.193933] io scheduler deadline registered
/var/log/syslog.1 : May 11 18:00:33 jan-lenovo kernel: [    5.193952] io scheduler cfq registered (default)
/var/log/syslog.1 : May 11 18:00:33 jan-lenovo kernel: [    5.194631] efifb: probing for efifb
/var/log/syslog.1 : May 11 18:00:33 jan-lenovo kernel: [    5.194641] efifb: framebuffer at 0xc0000000, using 8128k, total 8128k
/var/log/syslog.1 : May 11 18:00:33 jan-lenovo kernel: [    5.194642] efifb: mode is 1920x1080x32, linelength=7680, pages=1
/var/log/syslog.1 : May 11 18:00:33 jan-lenovo kernel: [    5.194643] efifb: scrolling: redraw
/var/log/syslog.1 : May 11 18:00:33 jan-lenovo kernel: [    5.194644] efifb: Truecolor: size=8:8:8:8, shift=24:16:8:0
/var/log/syslog.1 : May 11 18:00:33 jan-lenovo kernel: [    5.194722] Console: switching to colour frame buffer device 240x67
/var/log/syslog.1 : May 11 18:00:33 jan-lenovo kernel: [    5.194743] fb0: EFI VGA frame buffer device
/var/log/syslog.1 : May 11 18:00:33 jan-lenovo kernel: [    5.194748] intel_idle: MWAIT substates: 0x42120
/var/log/syslog.1 : May 11 18:00:33 jan-lenovo kernel: [    5.194749] intel_idle: v0.4.1 model 0x3C
/var/log/syslog.1 : May 11 18:00:33 jan-lenovo kernel: [    5.194995] intel_idle: lapic_timer_reliable_states 0xffffffff
/var/log/syslog.1 : May 11 18:00:33 jan-lenovo kernel: [    5.195080] ACPI: AC Adapter [ACAD] (off-line)
/var/log/syslog.1 : May 11 18:00:33 jan-lenovo kernel: [    5.195125] input: Power Button as /devices/LNXSYSTM:00/LNXSYBUS:00/PNP0A08:00/device:01/PNP0C0C:00/input/input0
/var/log/syslog.1 : May 11 18:00:33 jan-lenovo kernel: [    5.195133] ACPI: Power Button [PWRB]
/var/log/syslog.1 : May 11 18:00:33 jan-lenovo kernel: [    5.195156] input: Sleep Button as /devices/LNXSYSTM:00/LNXSYBUS:00/PNP0A08:00/device:01/PNP0C0E:00/input/input1
/var/log/syslog.1 : May 11 18:00:33 jan-lenovo kernel: [    5.195163] ACPI: Sleep Button [SLPB]
/var/log/syslog.1 : May 11 18:00:33 jan-lenovo kernel: [    5.195212] input: Lid Switch as /devices/LNXSYSTM:00/LNXSYBUS:00/PNP0C0D:00/input/input2
/var/log/syslog.1 : May 11 18:00:33 jan-lenovo kernel: [    5.195231] ACPI: Lid Switch [LID0]
/var/log/syslog.1 : May 11 18:00:33 jan-lenovo kernel: [    5.195255] input: Power Button as /devices/LNXSYSTM:00/LNXPWRBN:00/input/input3
/var/log/syslog.1 : May 11 18:00:33 jan-lenovo kernel: [    5.195278] ACPI: Power Button [PWRF]
/var/log/syslog.1 : May 11 18:00:33 jan-lenovo kernel: [    5.195684] (NULL device *): hwmon_device_register() is deprecated. Please convert the driver to use hwmon_device_register_with_info().
/var/log/syslog.1 : May 11 18:00:33 jan-lenovo kernel: [    5.195752] thermal LNXTHERM:00: registered as thermal_zone0
/var/log/syslog.1 : May 11 18:00:33 jan-lenovo kernel: [    5.195753] ACPI: Thermal Zone [TZ00] (45 C)
/var/log/syslog.1 : May 11 18:00:33 jan-lenovo kernel: [    5.195799] GHES: HEST is not enabled!
/var/log/syslog.1 : May 11 18:00:33 jan-lenovo kernel: [    5.195859] Serial: 8250/16550 driver, 32 ports, IRQ sharing enabled
/var/log/syslog.1 : May 11 18:00:33 jan-lenovo kernel: [    5.304163] ACPI: Battery Slot [BAT1] (battery present)
/var/log/syslog.1 : May 11 18:00:33 jan-lenovo kernel: [    5.304323] Linux agpgart interface v0.103
/var/log/syslog.1 : May 11 18:00:33 jan-lenovo kernel: [    5.306071] loop: module loaded
/var/log/syslog.1 : May 11 18:00:33 jan-lenovo kernel: [    5.306195] libphy: Fixed MDIO Bus: probed
/var/log/syslog.1 : May 11 18:00:33 jan-lenovo kernel: [    5.306196] tun: Universal TUN/TAP device driver, 1.6
/var/log/syslog.1 : May 11 18:00:33 jan-lenovo kernel: [    5.306222] PPP generic driver version 2.4.2
/var/log/syslog.1 : May 11 18:00:33 jan-lenovo kernel: [    5.306253] ehci_hcd: USB 2.0 'Enhanced' Host Controller (EHCI) Driver
/var/log/syslog.1 : May 11 18:00:33 jan-lenovo kernel: [    5.306255] ehci-pci: EHCI PCI platform driver
/var/log/syslog.1 : May 11 18:00:33 jan-lenovo kernel: [    5.306355] ehci-pci 0000:00:1a.0: EHCI Host Controller
/var/log/syslog.1 : May 11 18:00:33 jan-lenovo kernel: [    5.306360] ehci-pci 0000:00:1a.0: new USB bus registered, assigned bus number 1
/var/log/syslog.1 : May 11 18:00:33 jan-lenovo kernel: [    5.306370] ehci-pci 0000:00:1a.0: debug port 2
/var/log/syslog.1 : May 11 18:00:33 jan-lenovo kernel: [    5.310271] ehci-pci 0000:00:1a.0: cache line size of 64 is not supported
/var/log/syslog.1 : May 11 18:00:33 jan-lenovo kernel: [    5.310283] ehci-pci 0000:00:1a.0: irq 21, io mem 0xd171d000
/var/log/syslog.1 : May 11 18:00:33 jan-lenovo kernel: [    5.324019] ehci-pci 0000:00:1a.0: USB 2.0 started, EHCI 1.00
/var/log/syslog.1 : May 11 18:00:33 jan-lenovo kernel: [    5.324051] usb usb1: New USB device found, idVendor=1d6b, idProduct=0002
/var/log/syslog.1 : May 11 18:00:33 jan-lenovo kernel: [    5.324053] usb usb1: New USB device strings: Mfr=3, Product=2, SerialNumber=1
/var/log/syslog.1 : May 11 18:00:33 jan-lenovo kernel: [    5.324054] usb usb1: Product: EHCI Host Controller
/var/log/syslog.1 : May 11 18:00:33 jan-lenovo kernel: [    5.324055] usb usb1: Manufacturer: Linux 4.13.0-41-generic ehci_hcd
/var/log/syslog.1 : May 11 18:00:33 jan-lenovo kernel: [    5.324056] usb usb1: SerialNumber: 0000:00:1a.0
/var/log/syslog.1 : May 11 18:00:33 jan-lenovo kernel: [    5.324161] hub 1-0:1.0: USB hub found
/var/log/syslog.1 : May 11 18:00:33 jan-lenovo kernel: [    5.324165] hub 1-0:1.0: 2 ports detected
/var/log/syslog.1 : May 11 18:00:33 jan-lenovo kernel: [    5.324336] ehci-pci 0000:00:1d.0: EHCI Host Controller
/var/log/syslog.1 : May 11 18:00:33 jan-lenovo kernel: [    5.324339] ehci-pci 0000:00:1d.0: new USB bus registered, assigned bus number 2
/var/log/syslog.1 : May 11 18:00:33 jan-lenovo kernel: [    5.324348] ehci-pci 0000:00:1d.0: debug port 2
/var/log/syslog.1 : May 11 18:00:33 jan-lenovo kernel: [    5.328243] ehci-pci 0000:00:1d.0: cache line size of 64 is not supported
/var/log/syslog.1 : May 11 18:00:33 jan-lenovo kernel: [    5.328253] ehci-pci 0000:00:1d.0: irq 23, io mem 0xd171c000
/var/log/syslog.1 : May 11 18:00:33 jan-lenovo kernel: [    5.344017] ehci-pci 0000:00:1d.0: USB 2.0 started, EHCI 1.00
/var/log/syslog.1 : May 11 18:00:33 jan-lenovo kernel: [    5.344044] usb usb2: New USB device found, idVendor=1d6b, idProduct=0002
/var/log/syslog.1 : May 11 18:00:33 jan-lenovo kernel: [    5.344045] usb usb2: New USB device strings: Mfr=3, Product=2, SerialNumber=1
/var/log/syslog.1 : May 11 18:00:33 jan-lenovo kernel: [    5.344046] usb usb2: Product: EHCI Host Controller
/var/log/syslog.1 : May 11 18:00:33 jan-lenovo kernel: [    5.344048] usb usb2: Manufacturer: Linux 4.13.0-41-generic ehci_hcd
/var/log/syslog.1 : May 11 18:00:33 jan-lenovo kernel: [    5.344049] usb usb2: SerialNumber: 0000:00:1d.0
/var/log/syslog.1 : May 11 18:00:33 jan-lenovo kernel: [    5.344140] hub 2-0:1.0: USB hub found
/var/log/syslog.1 : May 11 18:00:33 jan-lenovo kernel: [    5.344143] hub 2-0:1.0: 2 ports detected
/var/log/syslog.1 : May 11 18:00:33 jan-lenovo kernel: [    5.344228] ehci-platform: EHCI generic platform driver
/var/log/syslog.1 : May 11 18:00:33 jan-lenovo kernel: [    5.344236] ohci_hcd: USB 1.1 'Open' Host Controller (OHCI) Driver
/var/log/syslog.1 : May 11 18:00:33 jan-lenovo kernel: [    5.344238] ohci-pci: OHCI PCI platform driver
/var/log/syslog.1 : May 11 18:00:33 jan-lenovo kernel: [    5.344244] ohci-platform: OHCI generic platform driver
/var/log/syslog.1 : May 11 18:00:33 jan-lenovo kernel: [    5.344248] uhci_hcd: USB Universal Host Controller Interface driver
/var/log/syslog.1 : May 11 18:00:33 jan-lenovo kernel: [    5.344339] xhci_hcd 0000:00:14.0: xHCI Host Controller
/var/log/syslog.1 : May 11 18:00:33 jan-lenovo kernel: [    5.344343] xhci_hcd 0000:00:14.0: new USB bus registered, assigned bus number 3
/var/log/syslog.1 : May 11 18:00:33 jan-lenovo kernel: [    5.345423] xhci_hcd 0000:00:14.0: hcc params 0x200077c1 hci version 0x100 quirks 0x00009810
/var/log/syslog.1 : May 11 18:00:33 jan-lenovo kernel: [    5.345427] xhci_hcd 0000:00:14.0: cache line size of 64 is not supported
/var/log/syslog.1 : May 11 18:00:33 jan-lenovo kernel: [    5.345494] usb usb3: New USB device found, idVendor=1d6b, idProduct=0002
/var/log/syslog.1 : May 11 18:00:33 jan-lenovo kernel: [    5.345495] usb usb3: New USB device strings: Mfr=3, Product=2, SerialNumber=1
/var/log/syslog.1 : May 11 18:00:33 jan-lenovo kernel: [    5.345496] usb usb3: Product: xHCI Host Controller
/var/log/syslog.1 : May 11 18:00:33 jan-lenovo kernel: [    5.345497] usb usb3: Manufacturer: Linux 4.13.0-41-generic xhci-hcd
/var/log/syslog.1 : May 11 18:00:33 jan-lenovo kernel: [    5.345498] usb usb3: SerialNumber: 0000:00:14.0
/var/log/syslog.1 : May 11 18:00:33 jan-lenovo kernel: [    5.345591] hub 3-0:1.0: USB hub found
/var/log/syslog.1 : May 11 18:00:33 jan-lenovo kernel: [    5.345607] hub 3-0:1.0: 14 ports detected
/var/log/syslog.1 : May 11 18:00:33 jan-lenovo kernel: [    5.347354] xhci_hcd 0000:00:14.0: xHCI Host Controller
/var/log/syslog.1 : May 11 18:00:33 jan-lenovo kernel: [    5.347357] xhci_hcd 0000:00:14.0: new USB bus registered, assigned bus number 4
/var/log/syslog.1 : May 11 18:00:33 jan-lenovo kernel: [    5.347386] usb usb4: New USB device found, idVendor=1d6b, idProduct=0003
/var/log/syslog.1 : May 11 18:00:33 jan-lenovo kernel: [    5.347388] usb usb4: New USB device strings: Mfr=3, Product=2, SerialNumber=1
/var/log/syslog.1 : May 11 18:00:33 jan-lenovo kernel: [    5.347389] usb usb4: Product: xHCI Host Controller
/var/log/syslog.1 : May 11 18:00:33 jan-lenovo kernel: [    5.347390] usb usb4: Manufacturer: Linux 4.13.0-41-generic xhci-hcd
/var/log/syslog.1 : May 11 18:00:33 jan-lenovo kernel: [    5.347391] usb usb4: SerialNumber: 0000:00:14.0
/var/log/syslog.1 : May 11 18:00:33 jan-lenovo kernel: [    5.347483] hub 4-0:1.0: USB hub found
/var/log/syslog.1 : May 11 18:00:33 jan-lenovo kernel: [    5.347495] hub 4-0:1.0: 6 ports detected
/var/log/syslog.1 : May 11 18:00:33 jan-lenovo kernel: [    5.347908] i8042: PNP: PS/2 Controller [PNP0303:PS2K,PNP0f13:MSS0] at 0x60,0x64 irq 1,12
/var/log/syslog.1 : May 11 18:00:33 jan-lenovo kernel: [    5.369876] serio: i8042 KBD port at 0x60,0x64 irq 1
/var/log/syslog.1 : May 11 18:00:33 jan-lenovo kernel: [    5.369879] serio: i8042 AUX port at 0x60,0x64 irq 12
/var/log/syslog.1 : May 11 18:00:33 jan-lenovo kernel: [    5.370004] mousedev: PS/2 mouse device common for all mice
/var/log/syslog.1 : May 11 18:00:33 jan-lenovo kernel: [    5.370252] rtc_cmos 00:02: RTC can wake from S4
/var/log/syslog.1 : May 11 18:00:33 jan-lenovo kernel: [    5.370354] rtc_cmos 00:02: rtc core: registered rtc_cmos as rtc0
/var/log/syslog.1 : May 11 18:00:33 jan-lenovo kernel: [    5.370379] rtc_cmos 00:02: alarms up to one month, 242 bytes nvram, hpet irqs
/var/log/syslog.1 : May 11 18:00:33 jan-lenovo kernel: [    5.370383] i2c /dev entries driver
/var/log/syslog.1 : May 11 18:00:33 jan-lenovo kernel: [    5.370414] device-mapper: uevent: version 1.0.3
/var/log/syslog.1 : May 11 18:00:33 jan-lenovo kernel: [    5.370461] device-mapper: ioctl: 4.37.0-ioctl (2017-09-20) initialised: dm-devel@redhat.com
/var/log/syslog.1 : May 11 18:00:33 jan-lenovo kernel: [    5.370465] intel_pstate: Intel P-state driver initializing
/var/log/syslog.1 : May 11 18:00:33 jan-lenovo kernel: [    5.370817] ledtrig-cpu: registered to indicate activity on CPUs
/var/log/syslog.1 : May 11 18:00:33 jan-lenovo kernel: [    5.370819] EFI Variables Facility v0.08 2004-May-17
/var/log/syslog.1 : May 11 18:00:33 jan-lenovo kernel: [    5.380927] input: AT Translated Set 2 keyboard as /devices/platform/i8042/serio0/input/input4
/var/log/syslog.1 : May 11 18:00:33 jan-lenovo kernel: [    5.389059] NET: Registered protocol family 10
/var/log/syslog.1 : May 11 18:00:33 jan-lenovo kernel: [    5.393165] Segment Routing with IPv6
/var/log/syslog.1 : May 11 18:00:33 jan-lenovo kernel: [    5.393179] NET: Registered protocol family 17
/var/log/syslog.1 : May 11 18:00:33 jan-lenovo kernel: [    5.393185] Key type dns_resolver registered
/var/log/syslog.1 : May 11 18:00:33 jan-lenovo kernel: [    5.393969] RAS: Correctable Errors collector initialized.
/var/log/syslog.1 : May 11 18:00:33 jan-lenovo kernel: [    5.394014] microcode: sig=0x306c3, pf=0x20, revision=0x1c
/var/log/syslog.1 : May 11 18:00:33 jan-lenovo kernel: [    5.394132] microcode: Microcode Update Driver: v2.2.
/var/log/syslog.1 : May 11 18:00:33 jan-lenovo kernel: [    5.394223] sched_clock: Marking stable (5394129630, 0)->(5506790495, -112660865)
/var/log/syslog.1 : May 11 18:00:33 jan-lenovo kernel: [    5.394407] registered taskstats version 1
/var/log/syslog.1 : May 11 18:00:33 jan-lenovo kernel: [    5.394414] Loading compiled-in X.509 certificates
/var/log/syslog.1 : May 11 18:00:33 jan-lenovo kernel: [    5.397036] Loaded X.509 cert 'Build time autogenerated kernel key: 455b6c2f89645ccacce587853289bc763cf1d7aa'
/var/log/syslog.1 : May 11 18:00:33 jan-lenovo kernel: [    5.397588] Couldn't get size: 0x800000000000000e
/var/log/syslog.1 : May 11 18:00:33 jan-lenovo kernel: [    5.397592] MODSIGN: Couldn't get UEFI db list
/var/log/syslog.1 : May 11 18:00:33 jan-lenovo kernel: [    5.399895] Loaded UEFI:MokListRT cert 'Canonical Ltd. Master Certificate Authority: ad91990bc22ab1f517048c23b6655a268e345a63' linked to secondary sys keyring
/var/log/syslog.1 : May 11 18:00:33 jan-lenovo kernel: [    5.400458] zswap: loaded using pool lzo/zbud
/var/log/syslog.1 : May 11 18:00:33 jan-lenovo kernel: [    5.404085] Key type big_key registered
/var/log/syslog.1 : May 11 18:00:33 jan-lenovo kernel: [    5.404088] Key type trusted registered
/var/log/syslog.1 : May 11 18:00:33 jan-lenovo kernel: [    5.405524] Key type encrypted registered
/var/log/syslog.1 : May 11 18:00:33 jan-lenovo kernel: [    5.405525] AppArmor: AppArmor sha1 policy hashing enabled
/var/log/syslog.1 : May 11 18:00:33 jan-lenovo kernel: [    5.405527] ima: No TPM chip found, activating TPM-bypass! (rc=-19)
/var/log/syslog.1 : May 11 18:00:33 jan-lenovo kernel: [    5.405537] evm: HMAC attrs: 0x1
/var/log/syslog.1 : May 11 18:00:33 jan-lenovo kernel: [    5.405906]   Magic number: 2:852:992
/var/log/syslog.1 : May 11 18:00:33 jan-lenovo kernel: [    5.405911] machinecheck machinecheck5: hash matches
/var/log/syslog.1 : May 11 18:00:33 jan-lenovo kernel: [    5.405972] memory memory35: hash matches
/var/log/syslog.1 : May 11 18:00:33 jan-lenovo kernel: [    5.406007] rtc_cmos 00:02: setting system clock to 2018-05-11 16:00:03 UTC (1526054403)
/var/log/syslog.1 : May 11 18:00:33 jan-lenovo kernel: [    5.406062] BIOS EDD facility v0.16 2004-Jun-25, 0 devices found
/var/log/syslog.1 : May 11 18:00:33 jan-lenovo kernel: [    5.406062] EDD information not available.
/var/log/syslog.1 : May 11 18:00:33 jan-lenovo kernel: [    5.406092] PM: Hibernation image not present or could not be loaded.
/var/log/syslog.1 : May 11 18:00:33 jan-lenovo kernel: [    5.407421] Freeing unused kernel memory: 2368K
/var/log/syslog.1 : May 11 18:00:33 jan-lenovo kernel: [    5.407422] Write protecting the kernel read-only data: 18432k
/var/log/syslog.1 : May 11 18:00:33 jan-lenovo kernel: [    5.407737] Freeing unused kernel memory: 2024K
/var/log/syslog.1 : May 11 18:00:33 jan-lenovo kernel: [    5.407883] Freeing unused kernel memory: 88K
/var/log/syslog.1 : May 11 18:00:33 jan-lenovo kernel: [    5.409146] x86/mm: Checked W+X mappings: passed, no W+X pages found.
/var/log/syslog.1 : May 11 18:00:33 jan-lenovo kernel: [    5.409146] x86/mm: Checking user space page tables
/var/log/syslog.1 : May 11 18:00:33 jan-lenovo kernel: [    5.410292] x86/mm: Checked W+X mappings: passed, no W+X pages found.
/var/log/syslog.1 : May 11 18:00:33 jan-lenovo kernel: [    5.458052] r8169 Gigabit Ethernet driver 2.3LK-NAPI loaded
/var/log/syslog.1 : May 11 18:00:33 jan-lenovo kernel: [    5.458058] r8169 0000:09:00.0: can't disable ASPM; OS doesn't have ASPM control
/var/log/syslog.1 : May 11 18:00:33 jan-lenovo kernel: [    5.458210] ahci 0000:00:1f.2: version 3.0
/var/log/syslog.1 : May 11 18:00:33 jan-lenovo kernel: [    5.458359] ahci 0000:00:1f.2: SSS flag set, parallel bus scan disabled
/var/log/syslog.1 : May 11 18:00:33 jan-lenovo kernel: [    5.458381] ahci 0000:00:1f.2: AHCI 0001.0300 32 slots 6 ports 6 Gbps 0x10 impl SATA mode
/var/log/syslog.1 : May 11 18:00:33 jan-lenovo kernel: [    5.458383] ahci 0000:00:1f.2: flags: 64bit ncq stag pm led clo pio slum part ems apst 
/var/log/syslog.1 : May 11 18:00:33 jan-lenovo kernel: [    5.458779] scsi host0: ahci
/var/log/syslog.1 : May 11 18:00:33 jan-lenovo kernel: [    5.458864] scsi host1: ahci
/var/log/syslog.1 : May 11 18:00:33 jan-lenovo kernel: [    5.458947] scsi host2: ahci
/var/log/syslog.1 : May 11 18:00:33 jan-lenovo kernel: [    5.459679] scsi host3: ahci
/var/log/syslog.1 : May 11 18:00:33 jan-lenovo kernel: [    5.464461] scsi host4: ahci
/var/log/syslog.1 : May 11 18:00:33 jan-lenovo kernel: [    5.464544] scsi host5: ahci
/var/log/syslog.1 : May 11 18:00:33 jan-lenovo kernel: [    5.464583] ata1: DUMMY
/var/log/syslog.1 : May 11 18:00:33 jan-lenovo kernel: [    5.464584] ata2: DUMMY
/var/log/syslog.1 : May 11 18:00:33 jan-lenovo kernel: [    5.464585] ata3: DUMMY
/var/log/syslog.1 : May 11 18:00:33 jan-lenovo kernel: [    5.464586] ata4: DUMMY
/var/log/syslog.1 : May 11 18:00:33 jan-lenovo kernel: [    5.464588] ata5: SATA max UDMA/133 abar m2048@0xd171b000 port 0xd171b300 irq 28
/var/log/syslog.1 : May 11 18:00:33 jan-lenovo kernel: [    5.464589] ata6: DUMMY
/var/log/syslog.1 : May 11 18:00:33 jan-lenovo kernel: [    5.469299] r8169 0000:09:00.0 eth0: RTL8168g/8111g at 0xffffb9e840d55000, f0:76:1c:a0:a4:6b, XID 10900880 IRQ 29
/var/log/syslog.1 : May 11 18:00:33 jan-lenovo kernel: [    5.469300] r8169 0000:09:00.0 eth0: jumbo features [frames: 9200 bytes, tx checksumming: ko]
/var/log/syslog.1 : May 11 18:00:33 jan-lenovo kernel: [    5.496892] r8169 0000:09:00.0 enp9s0: renamed from eth0
/var/log/syslog.1 : May 11 18:00:33 jan-lenovo kernel: [    5.501339] nvidia: loading out-of-tree module taints kernel.
/var/log/syslog.1 : May 11 18:00:33 jan-lenovo kernel: [    5.501343] nvidia: module license 'NVIDIA' taints kernel.
